169.254.178.150 - - [07/Jun/2023:17:18:06 +0800] "GET /nacos/v1/cs/health HTTP/1.1" 200 2 126 Apache-HttpAsyncClient/4.1.3 (Java/1.8.0_131)
169.254.178.150 - - [07/Jun/2023:17:18:11 +0800] "GET /nacos/v1/cs/health HTTP/1.1" 200 2 10 Apache-HttpAsyncClient/4.1.3 (Java/1.8.0_131)
169.254.178.150 - - [07/Jun/2023:17:18:16 +0800] "GET /nacos/v1/cs/health HTTP/1.1" 200 2 11 Apache-HttpAsyncClient/4.1.3 (Java/1.8.0_131)
169.254.178.150 - - [07/Jun/2023:17:18:21 +0800] "GET /nacos/v1/cs/health HTTP/1.1" 200 2 4 Apache-HttpAsyncClient/4.1.3 (Java/1.8.0_131)
169.254.178.150 - - [07/Jun/2023:17:18:26 +0800] "GET /nacos/v1/cs/health HTTP/1.1" 200 2 3 Apache-HttpAsyncClient/4.1.3 (Java/1.8.0_131)
169.254.178.150 - - [07/Jun/2023:17:18:31 +0800] "GET /nacos/v1/cs/health HTTP/1.1" 200 2 9 Apache-HttpAsyncClient/4.1.3 (Java/1.8.0_131)
0:0:0:0:0:0:0:1 - - [07/Jun/2023:17:18:32 +0800] "GET /nacos HTTP/1.1" 302 - 0 Mozilla/5.0 (Windows NT 10.0; Win64; x64) AppleWebKit/537.36 (KHTML, like Gecko) Chrome/114.0.0.0 Safari/537.36
0:0:0:0:0:0:0:1 - - [07/Jun/2023:17:18:32 +0800] "GET /nacos/ HTTP/1.1" 200 2611 37 Mozilla/5.0 (Windows NT 10.0; Win64; x64) AppleWebKit/537.36 (KHTML, like Gecko) Chrome/114.0.0.0 Safari/537.36
0:0:0:0:0:0:0:1 - - [07/Jun/2023:17:18:32 +0800] "GET /nacos/console-fe/public/css/codemirror.css HTTP/1.1" 200 8849 18 Mozilla/5.0 (Windows NT 10.0; Win64; x64) AppleWebKit/537.36 (KHTML, like Gecko) Chrome/114.0.0.0 Safari/537.36
0:0:0:0:0:0:0:1 - - [07/Jun/2023:17:18:32 +0800] "GET /nacos/console-fe/public/css/icon.css HTTP/1.1" 200 5166 79 Mozilla/5.0 (Windows NT 10.0; Win64; x64) AppleWebKit/537.36 (KHTML, like Gecko) Chrome/114.0.0.0 Safari/537.36
0:0:0:0:0:0:0:1 - - [07/Jun/2023:17:18:32 +0800] "GET /nacos/console-fe/public/css/merge.css HTTP/1.1" 200 3857 79 Mozilla/5.0 (Windows NT 10.0; Win64; x64) AppleWebKit/537.36 (KHTML, like Gecko) Chrome/114.0.0.0 Safari/537.36
0:0:0:0:0:0:0:1 - - [07/Jun/2023:17:18:32 +0800] "GET /nacos/console-fe/public/css/font-awesome.css HTTP/1.1" 200 33841 80 Mozilla/5.0 (Windows NT 10.0; Win64; x64) AppleWebKit/537.36 (KHTML, like Gecko) Chrome/114.0.0.0 Safari/537.36
0:0:0:0:0:0:0:1 - - [07/Jun/2023:17:18:32 +0800] "GET /nacos/console-fe/public/css/bootstrap.css HTTP/1.1" 200 123285 87 Mozilla/5.0 (Windows NT 10.0; Win64; x64) AppleWebKit/537.36 (KHTML, like Gecko) Chrome/114.0.0.0 Safari/537.36
0:0:0:0:0:0:0:1 - - [07/Jun/2023:17:18:32 +0800] "GET /nacos/console-fe/public/css/console1412.css HTTP/1.1" 200 156959 86 Mozilla/5.0 (Windows NT 10.0; Win64; x64) AppleWebKit/537.36 (KHTML, like Gecko) Chrome/114.0.0.0 Safari/537.36
0:0:0:0:0:0:0:1 - - [07/Jun/2023:17:18:32 +0800] "GET /nacos/css/main.css HTTP/1.1" 200 376874 67 Mozilla/5.0 (Windows NT 10.0; Win64; x64) AppleWebKit/537.36 (KHTML, like Gecko) Chrome/114.0.0.0 Safari/537.36
0:0:0:0:0:0:0:1 - - [07/Jun/2023:17:18:32 +0800] "GET /nacos/console-fe/public/js/codemirror.addone.lint.js HTTP/1.1" 200 8511 37 Mozilla/5.0 (Windows NT 10.0; Win64; x64) AppleWebKit/537.36 (KHTML, like Gecko) Chrome/114.0.0.0 Safari/537.36
0:0:0:0:0:0:0:1 - - [07/Jun/2023:17:18:32 +0800] "GET /nacos/console-fe/public/js/javascript.js HTTP/1.1" 200 32200 51 Mozilla/5.0 (Windows NT 10.0; Win64; x64) AppleWebKit/537.36 (KHTML, like Gecko) Chrome/114.0.0.0 Safari/537.36
0:0:0:0:0:0:0:1 - - [07/Jun/2023:17:18:32 +0800] "GET /nacos/console-fe/public/js/codemirror.addone.fullscreen.js HTTP/1.1" 200 1973 50 Mozilla/5.0 (Windows NT 10.0; Win64; x64) AppleWebKit/537.36 (KHTML, like Gecko) Chrome/114.0.0.0 Safari/537.36
0:0:0:0:0:0:0:1 - - [07/Jun/2023:17:18:32 +0800] "GET /nacos/console-fe/public/js/jquery.js HTTP/1.1" 200 86658 63 Mozilla/5.0 (Windows NT 10.0; Win64; x64) AppleWebKit/537.36 (KHTML, like Gecko) Chrome/114.0.0.0 Safari/537.36
0:0:0:0:0:0:0:1 - - [07/Jun/2023:17:18:32 +0800] "GET /nacos/console-fe/public/js/xml.js HTTP/1.1" 200 13050 60 Mozilla/5.0 (Windows NT 10.0; Win64; x64) AppleWebKit/537.36 (KHTML, like Gecko) Chrome/114.0.0.0 Safari/537.36
0:0:0:0:0:0:0:1 - - [07/Jun/2023:17:18:32 +0800] "GET /nacos/console-fe/public/js/codemirror.lib.clike-lint.js HTTP/1.1" 200 31521 11 Mozilla/5.0 (Windows NT 10.0; Win64; x64) AppleWebKit/537.36 (KHTML, like Gecko) Chrome/114.0.0.0 Safari/537.36
0:0:0:0:0:0:0:1 - - [07/Jun/2023:17:18:32 +0800] "GET /nacos/console-fe/public/js/codemirror.lib.json-lint.js HTTP/1.1" 200 16797 16 Mozilla/5.0 (Windows NT 10.0; Win64; x64) AppleWebKit/537.36 (KHTML, like Gecko) Chrome/114.0.0.0 Safari/537.36
0:0:0:0:0:0:0:1 - - [07/Jun/2023:17:18:32 +0800] "GET /nacos/console-fe/public/js/codemirror.addone.json-lint.js HTTP/1.1" 200 1433 15 Mozilla/5.0 (Windows NT 10.0; Win64; x64) AppleWebKit/537.36 (KHTML, like Gecko) Chrome/114.0.0.0 Safari/537.36
0:0:0:0:0:0:0:1 - - [07/Jun/2023:17:18:32 +0800] "GET /nacos/console-fe/public/js/diff_match_patch.js HTTP/1.1" 200 19192 8 Mozilla/5.0 (Windows NT 10.0; Win64; x64) AppleWebKit/537.36 (KHTML, like Gecko) Chrome/114.0.0.0 Safari/537.36
0:0:0:0:0:0:0:1 - - [07/Jun/2023:17:18:32 +0800] "GET /nacos/console-fe/public/js/codemirror.js HTTP/1.1" 200 366237 77 Mozilla/5.0 (Windows NT 10.0; Win64; x64) AppleWebKit/537.36 (KHTML, like Gecko) Chrome/114.0.0.0 Safari/537.36
0:0:0:0:0:0:0:1 - - [07/Jun/2023:17:18:32 +0800] "GET /nacos/console-fe/public/js/merge.js HTTP/1.1" 200 37874 14 Mozilla/5.0 (Windows NT 10.0; Win64; x64) AppleWebKit/537.36 (KHTML, like Gecko) Chrome/114.0.0.0 Safari/537.36
0:0:0:0:0:0:0:1 - - [07/Jun/2023:17:18:32 +0800] "GET /nacos/console-fe/public/js/loader.js HTTP/1.1" 200 28899 20 Mozilla/5.0 (Windows NT 10.0; Win64; x64) AppleWebKit/537.36 (KHTML, like Gecko) Chrome/114.0.0.0 Safari/537.36
0:0:0:0:0:0:0:1 - - [07/Jun/2023:17:18:32 +0800] "GET /nacos/js/main.js HTTP/1.1" 200 1413779 45 Mozilla/5.0 (Windows NT 10.0; Win64; x64) AppleWebKit/537.36 (KHTML, like Gecko) Chrome/114.0.0.0 Safari/537.36
0:0:0:0:0:0:0:1 - - [07/Jun/2023:17:18:32 +0800] "GET /nacos/console-fe/public/js/vs/editor/editor.main.js HTTP/1.1" 200 1824086 48 Mozilla/5.0 (Windows NT 10.0; Win64; x64) AppleWebKit/537.36 (KHTML, like Gecko) Chrome/114.0.0.0 Safari/537.36
0:0:0:0:0:0:0:1 - - [07/Jun/2023:17:18:32 +0800] "GET /nacos/img/logo-2000-390.svg HTTP/1.1" 200 2106 9 Mozilla/5.0 (Windows NT 10.0; Win64; x64) AppleWebKit/537.36 (KHTML, like Gecko) Chrome/114.0.0.0 Safari/537.36
0:0:0:0:0:0:0:1 - - [07/Jun/2023:17:18:32 +0800] "GET /nacos/v1/console/server/state HTTP/1.1" 200 82 37 Mozilla/5.0 (Windows NT 10.0; Win64; x64) AppleWebKit/537.36 (KHTML, like Gecko) Chrome/114.0.0.0 Safari/537.36
0:0:0:0:0:0:0:1 - - [07/Jun/2023:17:18:32 +0800] "GET /nacos/v1/console/namespaces?namespaceId= HTTP/1.1" 401 154 77 Mozilla/5.0 (Windows NT 10.0; Win64; x64) AppleWebKit/537.36 (KHTML, like Gecko) Chrome/114.0.0.0 Safari/537.36
0:0:0:0:0:0:0:1 - - [07/Jun/2023:17:18:32 +0800] "GET /nacos/console-fe/public/icons/icon-font.woff HTTP/1.1" 200 5504 19 Mozilla/5.0 (Windows NT 10.0; Win64; x64) AppleWebKit/537.36 (KHTML, like Gecko) Chrome/114.0.0.0 Safari/537.36
0:0:0:0:0:0:0:1 - - [07/Jun/2023:17:18:32 +0800] "GET /nacos/console-fe/public/css/fonts/aliyun-console-font.ttf?t91au5 HTTP/1.1" 200 169536 27 Mozilla/5.0 (Windows NT 10.0; Win64; x64) AppleWebKit/537.36 (KHTML, like Gecko) Chrome/114.0.0.0 Safari/537.36
0:0:0:0:0:0:0:1 - - [07/Jun/2023:17:18:32 +0800] "GET /nacos/console-fe/public/js/vs/editor/editor.main.css HTTP/1.1" 200 172199 12 Mozilla/5.0 (Windows NT 10.0; Win64; x64) AppleWebKit/537.36 (KHTML, like Gecko) Chrome/114.0.0.0 Safari/537.36
0:0:0:0:0:0:0:1 - - [07/Jun/2023:17:18:32 +0800] "GET /nacos/console-fe/public/js/vs/editor/editor.main.nls.zh-cn.js HTTP/1.1" 200 22854 8 Mozilla/5.0 (Windows NT 10.0; Win64; x64) AppleWebKit/537.36 (KHTML, like Gecko) Chrome/114.0.0.0 Safari/537.36
0:0:0:0:0:0:0:1 - - [07/Jun/2023:17:18:32 +0800] "GET /nacos/img/black_dot.png HTTP/1.1" 200 114 7 Mozilla/5.0 (Windows NT 10.0; Win64; x64) AppleWebKit/537.36 (KHTML, like Gecko) Chrome/114.0.0.0 Safari/537.36
0:0:0:0:0:0:0:1 - - [07/Jun/2023:17:18:32 +0800] "GET /nacos/img/nacos.png HTTP/1.1" 200 3588 11 Mozilla/5.0 (Windows NT 10.0; Win64; x64) AppleWebKit/537.36 (KHTML, like Gecko) Chrome/114.0.0.0 Safari/537.36
0:0:0:0:0:0:0:1 - - [07/Jun/2023:17:18:32 +0800] "GET /nacos/v1/cs/configs?search=accurate&dataId=&group=&appName=&config_tags=&pageNo=1&pageSize=10&tenant=&namespaceId= HTTP/1.1" 200 - 98 Mozilla/5.0 (Windows NT 10.0; Win64; x64) AppleWebKit/537.36 (KHTML, like Gecko) Chrome/114.0.0.0 Safari/537.36
0:0:0:0:0:0:0:1 - - [07/Jun/2023:17:18:32 +0800] "GET /nacos/console-fe/public/img/favicon.ico HTTP/1.1" 200 4286 13 Mozilla/5.0 (Windows NT 10.0; Win64; x64) AppleWebKit/537.36 (KHTML, like Gecko) Chrome/114.0.0.0 Safari/537.36
169.254.178.150 - - [07/Jun/2023:17:18:36 +0800] "GET /nacos/v1/cs/health HTTP/1.1" 200 2 8 Apache-HttpAsyncClient/4.1.3 (Java/1.8.0_131)
169.254.178.150 - - [07/Jun/2023:17:18:41 +0800] "GET /nacos/v1/cs/health HTTP/1.1" 200 2 9 Apache-HttpAsyncClient/4.1.3 (Java/1.8.0_131)
0:0:0:0:0:0:0:1 - - [07/Jun/2023:17:18:45 +0800] "POST /nacos/v1/auth/login HTTP/1.1" 200 176 281 Mozilla/5.0 (Windows NT 10.0; Win64; x64) AppleWebKit/537.36 (KHTML, like Gecko) Chrome/114.0.0.0 Safari/537.36
0:0:0:0:0:0:0:1 - - [07/Jun/2023:17:18:45 +0800] "GET /nacos/v1/console/server/state HTTP/1.1" 200 82 3 Mozilla/5.0 (Windows NT 10.0; Win64; x64) AppleWebKit/537.36 (KHTML, like Gecko) Chrome/114.0.0.0 Safari/537.36
0:0:0:0:0:0:0:1 - - [07/Jun/2023:17:18:46 +0800] "GET /nacos/v1/console/namespaces?namespaceId= HTTP/1.1" 200 130 106 Mozilla/5.0 (Windows NT 10.0; Win64; x64) AppleWebKit/537.36 (KHTML, like Gecko) Chrome/114.0.0.0 Safari/537.36
0:0:0:0:0:0:0:1 - - [07/Jun/2023:17:18:46 +0800] "GET /nacos/v1/cs/configs?search=accurate&dataId=&group=&appName=&config_tags=&pageNo=1&pageSize=10&tenant=&namespaceId= HTTP/1.1" 200 - 6 Mozilla/5.0 (Windows NT 10.0; Win64; x64) AppleWebKit/537.36 (KHTML, like Gecko) Chrome/114.0.0.0 Safari/537.36
169.254.178.150 - - [07/Jun/2023:17:18:46 +0800] "GET /nacos/v1/cs/health HTTP/1.1" 200 2 2 Apache-HttpAsyncClient/4.1.3 (Java/1.8.0_131)
0:0:0:0:0:0:0:1 - - [07/Jun/2023:17:18:50 +0800] "GET /nacos/v1/ns/catalog/services?hasIpCount=true&withInstances=false&pageNo=1&pageSize=10&serviceNameParam=&groupNameParam=&namespaceId= HTTP/1.1" 200 39 20 Mozilla/5.0 (Windows NT 10.0; Win64; x64) AppleWebKit/537.36 (KHTML, like Gecko) Chrome/114.0.0.0 Safari/537.36
169.254.178.150 - - [07/Jun/2023:17:18:51 +0800] "GET /nacos/v1/cs/health HTTP/1.1" 200 2 7 Apache-HttpAsyncClient/4.1.3 (Java/1.8.0_131)
169.254.178.150 - - [07/Jun/2023:17:18:56 +0800] "GET /nacos/v1/cs/health HTTP/1.1" 200 2 4 Apache-HttpAsyncClient/4.1.3 (Java/1.8.0_131)
169.254.178.150 - - [07/Jun/2023:17:19:01 +0800] "GET /nacos/v1/cs/health HTTP/1.1" 200 2 6 Apache-HttpAsyncClient/4.1.3 (Java/1.8.0_131)
169.254.178.150 - - [07/Jun/2023:17:19:06 +0800] "GET /nacos/v1/cs/health HTTP/1.1" 200 2 4 Apache-HttpAsyncClient/4.1.3 (Java/1.8.0_131)
169.254.178.150 - - [07/Jun/2023:17:19:11 +0800] "GET /nacos/v1/cs/health HTTP/1.1" 200 2 11 Apache-HttpAsyncClient/4.1.3 (Java/1.8.0_131)
169.254.178.150 - - [07/Jun/2023:17:19:16 +0800] "GET /nacos/v1/cs/health HTTP/1.1" 200 2 4 Apache-HttpAsyncClient/4.1.3 (Java/1.8.0_131)
169.254.178.150 - - [07/Jun/2023:17:19:21 +0800] "GET /nacos/v1/cs/health HTTP/1.1" 200 2 5 Apache-HttpAsyncClient/4.1.3 (Java/1.8.0_131)
169.254.178.150 - - [07/Jun/2023:17:19:26 +0800] "GET /nacos/v1/cs/health HTTP/1.1" 200 2 4 Apache-HttpAsyncClient/4.1.3 (Java/1.8.0_131)
169.254.178.150 - - [07/Jun/2023:17:19:31 +0800] "GET /nacos/v1/cs/health HTTP/1.1" 200 2 5 Apache-HttpAsyncClient/4.1.3 (Java/1.8.0_131)
169.254.178.150 - - [07/Jun/2023:17:19:36 +0800] "GET /nacos/v1/cs/health HTTP/1.1" 200 2 5 Apache-HttpAsyncClient/4.1.3 (Java/1.8.0_131)
169.254.178.150 - - [07/Jun/2023:17:19:41 +0800] "GET /nacos/v1/cs/health HTTP/1.1" 200 2 9 Apache-HttpAsyncClient/4.1.3 (Java/1.8.0_131)
169.254.178.150 - - [07/Jun/2023:17:19:46 +0800] "GET /nacos/v1/cs/health HTTP/1.1" 200 2 7 Apache-HttpAsyncClient/4.1.3 (Java/1.8.0_131)
169.254.178.150 - - [07/Jun/2023:17:19:51 +0800] "GET /nacos/v1/cs/health HTTP/1.1" 200 2 3 Apache-HttpAsyncClient/4.1.3 (Java/1.8.0_131)
169.254.178.150 - - [07/Jun/2023:17:19:56 +0800] "GET /nacos/v1/cs/health HTTP/1.1" 200 2 2 Apache-HttpAsyncClient/4.1.3 (Java/1.8.0_131)
169.254.178.150 - - [07/Jun/2023:17:20:01 +0800] "GET /nacos/v1/cs/health HTTP/1.1" 200 2 2 Apache-HttpAsyncClient/4.1.3 (Java/1.8.0_131)
169.254.178.150 - - [07/Jun/2023:17:20:06 +0800] "GET /nacos/v1/cs/health HTTP/1.1" 200 2 2 Apache-HttpAsyncClient/4.1.3 (Java/1.8.0_131)
169.254.178.150 - - [07/Jun/2023:17:20:11 +0800] "GET /nacos/v1/cs/health HTTP/1.1" 200 2 3 Apache-HttpAsyncClient/4.1.3 (Java/1.8.0_131)
169.254.178.150 - - [07/Jun/2023:17:20:16 +0800] "GET /nacos/v1/cs/health HTTP/1.1" 200 2 2 Apache-HttpAsyncClient/4.1.3 (Java/1.8.0_131)
169.254.178.150 - - [07/Jun/2023:17:20:21 +0800] "GET /nacos/v1/cs/health HTTP/1.1" 200 2 3 Apache-HttpAsyncClient/4.1.3 (Java/1.8.0_131)
169.254.178.150 - - [07/Jun/2023:17:20:26 +0800] "GET /nacos/v1/cs/health HTTP/1.1" 200 2 1 Apache-HttpAsyncClient/4.1.3 (Java/1.8.0_131)
169.254.178.150 - - [07/Jun/2023:17:20:31 +0800] "GET /nacos/v1/cs/health HTTP/1.1" 200 2 2 Apache-HttpAsyncClient/4.1.3 (Java/1.8.0_131)
169.254.178.150 - - [07/Jun/2023:17:20:36 +0800] "GET /nacos/v1/cs/health HTTP/1.1" 200 2 2 Apache-HttpAsyncClient/4.1.3 (Java/1.8.0_131)
169.254.178.150 - - [07/Jun/2023:17:20:41 +0800] "GET /nacos/v1/cs/health HTTP/1.1" 200 2 9 Apache-HttpAsyncClient/4.1.3 (Java/1.8.0_131)
169.254.178.150 - - [07/Jun/2023:17:20:46 +0800] "GET /nacos/v1/cs/health HTTP/1.1" 200 2 5 Apache-HttpAsyncClient/4.1.3 (Java/1.8.0_131)
169.254.178.150 - - [07/Jun/2023:17:20:51 +0800] "GET /nacos/v1/cs/health HTTP/1.1" 200 2 2 Apache-HttpAsyncClient/4.1.3 (Java/1.8.0_131)
169.254.178.150 - - [07/Jun/2023:17:20:56 +0800] "GET /nacos/v1/cs/health HTTP/1.1" 200 2 3 Apache-HttpAsyncClient/4.1.3 (Java/1.8.0_131)
169.254.178.150 - - [07/Jun/2023:17:21:01 +0800] "GET /nacos/v1/cs/health HTTP/1.1" 200 2 6 Apache-HttpAsyncClient/4.1.3 (Java/1.8.0_131)
169.254.178.150 - - [07/Jun/2023:17:21:06 +0800] "GET /nacos/v1/cs/health HTTP/1.1" 200 2 5 Apache-HttpAsyncClient/4.1.3 (Java/1.8.0_131)
169.254.178.150 - - [07/Jun/2023:17:21:11 +0800] "GET /nacos/v1/cs/health HTTP/1.1" 200 2 4 Apache-HttpAsyncClient/4.1.3 (Java/1.8.0_131)
169.254.178.150 - - [07/Jun/2023:17:21:16 +0800] "GET /nacos/v1/cs/health HTTP/1.1" 200 2 3 Apache-HttpAsyncClient/4.1.3 (Java/1.8.0_131)
169.254.178.150 - - [07/Jun/2023:17:21:21 +0800] "GET /nacos/v1/cs/health HTTP/1.1" 200 2 1 Apache-HttpAsyncClient/4.1.3 (Java/1.8.0_131)
169.254.178.150 - - [07/Jun/2023:17:21:26 +0800] "GET /nacos/v1/cs/health HTTP/1.1" 200 2 1 Apache-HttpAsyncClient/4.1.3 (Java/1.8.0_131)
169.254.178.150 - - [07/Jun/2023:17:21:31 +0800] "GET /nacos/v1/cs/health HTTP/1.1" 200 2 3 Apache-HttpAsyncClient/4.1.3 (Java/1.8.0_131)
169.254.178.150 - - [07/Jun/2023:17:21:36 +0800] "GET /nacos/v1/cs/health HTTP/1.1" 200 2 3 Apache-HttpAsyncClient/4.1.3 (Java/1.8.0_131)
169.254.178.150 - - [07/Jun/2023:17:21:41 +0800] "GET /nacos/v1/cs/health HTTP/1.1" 200 2 4 Apache-HttpAsyncClient/4.1.3 (Java/1.8.0_131)
169.254.178.150 - - [07/Jun/2023:17:21:46 +0800] "GET /nacos/v1/cs/health HTTP/1.1" 200 2 7 Apache-HttpAsyncClient/4.1.3 (Java/1.8.0_131)
169.254.178.150 - - [07/Jun/2023:17:21:51 +0800] "GET /nacos/v1/cs/health HTTP/1.1" 200 2 4 Apache-HttpAsyncClient/4.1.3 (Java/1.8.0_131)
169.254.178.150 - - [07/Jun/2023:17:21:56 +0800] "GET /nacos/v1/cs/health HTTP/1.1" 200 2 5 Apache-HttpAsyncClient/4.1.3 (Java/1.8.0_131)
169.254.178.150 - - [07/Jun/2023:17:22:01 +0800] "GET /nacos/v1/cs/health HTTP/1.1" 200 2 4 Apache-HttpAsyncClient/4.1.3 (Java/1.8.0_131)
169.254.178.150 - - [07/Jun/2023:17:22:06 +0800] "GET /nacos/v1/cs/health HTTP/1.1" 200 2 4 Apache-HttpAsyncClient/4.1.3 (Java/1.8.0_131)
169.254.178.150 - - [07/Jun/2023:17:22:11 +0800] "GET /nacos/v1/cs/health HTTP/1.1" 200 2 9 Apache-HttpAsyncClient/4.1.3 (Java/1.8.0_131)
169.254.178.150 - - [07/Jun/2023:17:22:16 +0800] "GET /nacos/v1/cs/health HTTP/1.1" 200 2 3 Apache-HttpAsyncClient/4.1.3 (Java/1.8.0_131)
169.254.178.150 - - [07/Jun/2023:17:22:21 +0800] "GET /nacos/v1/cs/health HTTP/1.1" 200 2 6 Apache-HttpAsyncClient/4.1.3 (Java/1.8.0_131)
169.254.178.150 - - [07/Jun/2023:17:22:26 +0800] "GET /nacos/v1/cs/health HTTP/1.1" 200 2 3 Apache-HttpAsyncClient/4.1.3 (Java/1.8.0_131)
169.254.178.150 - - [07/Jun/2023:17:22:31 +0800] "GET /nacos/v1/cs/health HTTP/1.1" 200 2 4 Apache-HttpAsyncClient/4.1.3 (Java/1.8.0_131)
169.254.178.150 - - [07/Jun/2023:17:22:36 +0800] "GET /nacos/v1/cs/health HTTP/1.1" 200 2 3 Apache-HttpAsyncClient/4.1.3 (Java/1.8.0_131)
169.254.178.150 - - [07/Jun/2023:17:22:41 +0800] "GET /nacos/v1/cs/health HTTP/1.1" 200 2 3 Apache-HttpAsyncClient/4.1.3 (Java/1.8.0_131)
169.254.178.150 - - [07/Jun/2023:17:22:46 +0800] "GET /nacos/v1/cs/health HTTP/1.1" 200 2 2 Apache-HttpAsyncClient/4.1.3 (Java/1.8.0_131)
169.254.178.150 - - [07/Jun/2023:17:22:51 +0800] "GET /nacos/v1/cs/health HTTP/1.1" 200 2 5 Apache-HttpAsyncClient/4.1.3 (Java/1.8.0_131)
169.254.178.150 - - [07/Jun/2023:17:22:56 +0800] "GET /nacos/v1/cs/health HTTP/1.1" 200 2 2 Apache-HttpAsyncClient/4.1.3 (Java/1.8.0_131)
169.254.178.150 - - [07/Jun/2023:17:23:01 +0800] "GET /nacos/v1/cs/health HTTP/1.1" 200 2 2 Apache-HttpAsyncClient/4.1.3 (Java/1.8.0_131)
169.254.178.150 - - [07/Jun/2023:17:23:06 +0800] "GET /nacos/v1/cs/health HTTP/1.1" 200 2 1 Apache-HttpAsyncClient/4.1.3 (Java/1.8.0_131)
169.254.178.150 - - [07/Jun/2023:17:23:11 +0800] "GET /nacos/v1/cs/health HTTP/1.1" 200 2 9 Apache-HttpAsyncClient/4.1.3 (Java/1.8.0_131)
169.254.178.150 - - [07/Jun/2023:17:23:16 +0800] "GET /nacos/v1/cs/health HTTP/1.1" 200 2 1 Apache-HttpAsyncClient/4.1.3 (Java/1.8.0_131)
169.254.178.150 - - [07/Jun/2023:17:23:21 +0800] "GET /nacos/v1/cs/health HTTP/1.1" 200 2 5 Apache-HttpAsyncClient/4.1.3 (Java/1.8.0_131)
169.254.178.150 - - [07/Jun/2023:17:23:26 +0800] "GET /nacos/v1/cs/health HTTP/1.1" 200 2 5 Apache-HttpAsyncClient/4.1.3 (Java/1.8.0_131)
169.254.178.150 - - [07/Jun/2023:17:23:31 +0800] "GET /nacos/v1/cs/health HTTP/1.1" 200 2 3 Apache-HttpAsyncClient/4.1.3 (Java/1.8.0_131)
169.254.178.150 - - [07/Jun/2023:17:23:36 +0800] "GET /nacos/v1/cs/health HTTP/1.1" 200 2 5 Apache-HttpAsyncClient/4.1.3 (Java/1.8.0_131)
169.254.178.150 - - [07/Jun/2023:17:23:41 +0800] "GET /nacos/v1/cs/health HTTP/1.1" 200 2 8 Apache-HttpAsyncClient/4.1.3 (Java/1.8.0_131)
169.254.178.150 - - [07/Jun/2023:17:23:46 +0800] "GET /nacos/v1/cs/health HTTP/1.1" 200 2 6 Apache-HttpAsyncClient/4.1.3 (Java/1.8.0_131)
169.254.178.150 - - [07/Jun/2023:17:23:51 +0800] "GET /nacos/v1/cs/health HTTP/1.1" 200 2 2 Apache-HttpAsyncClient/4.1.3 (Java/1.8.0_131)
169.254.178.150 - - [07/Jun/2023:17:23:56 +0800] "GET /nacos/v1/cs/health HTTP/1.1" 200 2 3 Apache-HttpAsyncClient/4.1.3 (Java/1.8.0_131)
169.254.178.150 - - [07/Jun/2023:17:24:01 +0800] "GET /nacos/v1/cs/health HTTP/1.1" 200 2 5 Apache-HttpAsyncClient/4.1.3 (Java/1.8.0_131)
169.254.178.150 - - [07/Jun/2023:17:24:06 +0800] "GET /nacos/v1/cs/health HTTP/1.1" 200 2 4 Apache-HttpAsyncClient/4.1.3 (Java/1.8.0_131)
169.254.178.150 - - [07/Jun/2023:17:24:11 +0800] "GET /nacos/v1/cs/health HTTP/1.1" 200 2 10 Apache-HttpAsyncClient/4.1.3 (Java/1.8.0_131)
169.254.178.150 - - [07/Jun/2023:17:24:16 +0800] "GET /nacos/v1/cs/health HTTP/1.1" 200 2 5 Apache-HttpAsyncClient/4.1.3 (Java/1.8.0_131)
169.254.178.150 - - [07/Jun/2023:17:24:21 +0800] "GET /nacos/v1/cs/health HTTP/1.1" 200 2 3 Apache-HttpAsyncClient/4.1.3 (Java/1.8.0_131)
169.254.178.150 - - [07/Jun/2023:17:24:26 +0800] "GET /nacos/v1/cs/health HTTP/1.1" 200 2 2 Apache-HttpAsyncClient/4.1.3 (Java/1.8.0_131)
169.254.178.150 - - [07/Jun/2023:17:24:31 +0800] "GET /nacos/v1/cs/health HTTP/1.1" 200 2 2 Apache-HttpAsyncClient/4.1.3 (Java/1.8.0_131)
169.254.178.150 - - [07/Jun/2023:17:24:36 +0800] "GET /nacos/v1/cs/health HTTP/1.1" 200 2 1 Apache-HttpAsyncClient/4.1.3 (Java/1.8.0_131)
169.254.178.150 - - [07/Jun/2023:17:24:41 +0800] "GET /nacos/v1/cs/health HTTP/1.1" 200 2 2 Apache-HttpAsyncClient/4.1.3 (Java/1.8.0_131)
169.254.178.150 - - [07/Jun/2023:17:24:46 +0800] "GET /nacos/v1/cs/health HTTP/1.1" 200 2 2 Apache-HttpAsyncClient/4.1.3 (Java/1.8.0_131)
127.0.0.1 - - [07/Jun/2023:17:24:51 +0800] "GET /nacos/v1/ns/service/list?pageSize=2147483647&groupName=DEFAULT_GROUP&encoding=UTF-8&namespaceId=public&pageNo=1 HTTP/1.1" 200 32 6 Nacos-Java-Client:v1.0.0
127.0.0.1 - - [07/Jun/2023:17:24:51 +0800] "POST /nacos/v1/ns/instance?groupName=DEFAULT_GROUP&metadata=%7B%22preserved.register.source%22%3A%22SPRING_CLOUD%22%7D&namespaceId=public&port=8001&enable=true&healthy=true&clusterName=DEFAULT&ip=169.254.178.150&weight=1.0&ephemeral=true&serviceName=DEFAULT_GROUP%40%40service-edu&encoding=UTF-8 HTTP/1.1" 200 2 123 Nacos-Java-Client:v1.0.0
169.254.178.150 - - [07/Jun/2023:17:24:51 +0800] "GET /nacos/v1/cs/health HTTP/1.1" 200 2 2 Apache-HttpAsyncClient/4.1.3 (Java/1.8.0_131)
127.0.0.1 - - [07/Jun/2023:17:24:53 +0800] "PUT /nacos/v1/ns/instance/beat?beat=%7B%22cluster%22%3A%22DEFAULT%22%2C%22ip%22%3A%22169.254.178.150%22%2C%22metadata%22%3A%7B%22preserved.register.source%22%3A%22SPRING_CLOUD%22%7D%2C%22port%22%3A8001%2C%22scheduled%22%3Atrue%2C%22serviceName%22%3A%22DEFAULT_GROUP%40%40service-edu%22%2C%22weight%22%3A1.0%7D&serviceName=DEFAULT_GROUP%40%40service-edu&encoding=UTF-8&namespaceId=public HTTP/1.1" 200 38 16 Nacos-Java-Client:v1.0.0
169.254.178.150 - - [07/Jun/2023:17:24:56 +0800] "GET /nacos/v1/cs/health HTTP/1.1" 200 2 3 Apache-HttpAsyncClient/4.1.3 (Java/1.8.0_131)
127.0.0.1 - - [07/Jun/2023:17:24:58 +0800] "PUT /nacos/v1/ns/instance/beat?beat=%7B%22cluster%22%3A%22DEFAULT%22%2C%22ip%22%3A%22169.254.178.150%22%2C%22metadata%22%3A%7B%22preserved.register.source%22%3A%22SPRING_CLOUD%22%7D%2C%22port%22%3A8001%2C%22scheduled%22%3Atrue%2C%22serviceName%22%3A%22DEFAULT_GROUP%40%40service-edu%22%2C%22weight%22%3A1.0%7D&serviceName=DEFAULT_GROUP%40%40service-edu&encoding=UTF-8&namespaceId=public HTTP/1.1" 200 38 7 Nacos-Java-Client:v1.0.0
169.254.178.150 - - [07/Jun/2023:17:25:01 +0800] "GET /nacos/v1/cs/health HTTP/1.1" 200 2 2 Apache-HttpAsyncClient/4.1.3 (Java/1.8.0_131)
127.0.0.1 - - [07/Jun/2023:17:25:03 +0800] "PUT /nacos/v1/ns/instance/beat?beat=%7B%22cluster%22%3A%22DEFAULT%22%2C%22ip%22%3A%22169.254.178.150%22%2C%22metadata%22%3A%7B%22preserved.register.source%22%3A%22SPRING_CLOUD%22%7D%2C%22port%22%3A8001%2C%22scheduled%22%3Atrue%2C%22serviceName%22%3A%22DEFAULT_GROUP%40%40service-edu%22%2C%22weight%22%3A1.0%7D&serviceName=DEFAULT_GROUP%40%40service-edu&encoding=UTF-8&namespaceId=public HTTP/1.1" 200 38 7 Nacos-Java-Client:v1.0.0
0:0:0:0:0:0:0:1 - - [07/Jun/2023:17:25:05 +0800] "GET /nacos/ HTTP/1.1" 304 - 8 Mozilla/5.0 (Windows NT 10.0; Win64; x64) AppleWebKit/537.36 (KHTML, like Gecko) Chrome/114.0.0.0 Safari/537.36
0:0:0:0:0:0:0:1 - - [07/Jun/2023:17:25:06 +0800] "GET /nacos/v1/console/namespaces?namespaceId= HTTP/1.1" 200 130 8 Mozilla/5.0 (Windows NT 10.0; Win64; x64) AppleWebKit/537.36 (KHTML, like Gecko) Chrome/114.0.0.0 Safari/537.36
0:0:0:0:0:0:0:1 - - [07/Jun/2023:17:25:06 +0800] "GET /nacos/v1/console/server/state HTTP/1.1" 200 82 3 Mozilla/5.0 (Windows NT 10.0; Win64; x64) AppleWebKit/537.36 (KHTML, like Gecko) Chrome/114.0.0.0 Safari/537.36
0:0:0:0:0:0:0:1 - - [07/Jun/2023:17:25:06 +0800] "GET /nacos/v1/ns/catalog/services?hasIpCount=true&withInstances=false&pageNo=1&pageSize=10&serviceNameParam=&groupNameParam=&namespaceId= HTTP/1.1" 200 165 10 Mozilla/5.0 (Windows NT 10.0; Win64; x64) AppleWebKit/537.36 (KHTML, like Gecko) Chrome/114.0.0.0 Safari/537.36
169.254.178.150 - - [07/Jun/2023:17:25:06 +0800] "GET /nacos/v1/cs/health HTTP/1.1" 200 2 3 Apache-HttpAsyncClient/4.1.3 (Java/1.8.0_131)
127.0.0.1 - - [07/Jun/2023:17:25:08 +0800] "PUT /nacos/v1/ns/instance/beat?beat=%7B%22cluster%22%3A%22DEFAULT%22%2C%22ip%22%3A%22169.254.178.150%22%2C%22metadata%22%3A%7B%22preserved.register.source%22%3A%22SPRING_CLOUD%22%7D%2C%22port%22%3A8001%2C%22scheduled%22%3Atrue%2C%22serviceName%22%3A%22DEFAULT_GROUP%40%40service-edu%22%2C%22weight%22%3A1.0%7D&serviceName=DEFAULT_GROUP%40%40service-edu&encoding=UTF-8&namespaceId=public HTTP/1.1" 200 38 2 Nacos-Java-Client:v1.0.0
169.254.178.150 - - [07/Jun/2023:17:25:11 +0800] "GET /nacos/v1/cs/health HTTP/1.1" 200 2 10 Apache-HttpAsyncClient/4.1.3 (Java/1.8.0_131)
127.0.0.1 - - [07/Jun/2023:17:25:13 +0800] "PUT /nacos/v1/ns/instance/beat?beat=%7B%22cluster%22%3A%22DEFAULT%22%2C%22ip%22%3A%22169.254.178.150%22%2C%22metadata%22%3A%7B%22preserved.register.source%22%3A%22SPRING_CLOUD%22%7D%2C%22port%22%3A8001%2C%22scheduled%22%3Atrue%2C%22serviceName%22%3A%22DEFAULT_GROUP%40%40service-edu%22%2C%22weight%22%3A1.0%7D&serviceName=DEFAULT_GROUP%40%40service-edu&encoding=UTF-8&namespaceId=public HTTP/1.1" 200 38 7 Nacos-Java-Client:v1.0.0
169.254.178.150 - - [07/Jun/2023:17:25:16 +0800] "GET /nacos/v1/cs/health HTTP/1.1" 200 2 5 Apache-HttpAsyncClient/4.1.3 (Java/1.8.0_131)
127.0.0.1 - - [07/Jun/2023:17:25:18 +0800] "PUT /nacos/v1/ns/instance/beat?beat=%7B%22cluster%22%3A%22DEFAULT%22%2C%22ip%22%3A%22169.254.178.150%22%2C%22metadata%22%3A%7B%22preserved.register.source%22%3A%22SPRING_CLOUD%22%7D%2C%22port%22%3A8001%2C%22scheduled%22%3Atrue%2C%22serviceName%22%3A%22DEFAULT_GROUP%40%40service-edu%22%2C%22weight%22%3A1.0%7D&serviceName=DEFAULT_GROUP%40%40service-edu&encoding=UTF-8&namespaceId=public HTTP/1.1" 200 38 9 Nacos-Java-Client:v1.0.0
127.0.0.1 - - [07/Jun/2023:17:25:21 +0800] "GET /nacos/v1/ns/service/list?pageSize=2147483647&groupName=DEFAULT_GROUP&encoding=UTF-8&namespaceId=public&pageNo=1 HTTP/1.1" 200 45 13 Nacos-Java-Client:v1.0.0
127.0.0.1 - - [07/Jun/2023:17:25:21 +0800] "GET /nacos/v1/ns/instance/list?healthyOnly=false&namespaceId=public&clientIP=169.254.31.74&serviceName=DEFAULT_GROUP%40%40service-edu&udpPort=63782&encoding=UTF-8 HTTP/1.1" 200 568 16 Nacos-Java-Client:v1.0.0
169.254.178.150 - - [07/Jun/2023:17:25:21 +0800] "GET /nacos/v1/cs/health HTTP/1.1" 200 2 5 Apache-HttpAsyncClient/4.1.3 (Java/1.8.0_131)
127.0.0.1 - - [07/Jun/2023:17:25:22 +0800] "GET /nacos/v1/ns/instance/list?healthyOnly=false&namespaceId=public&clientIP=169.254.31.74&serviceName=DEFAULT_GROUP%40%40service-edu&udpPort=63782&encoding=UTF-8 HTTP/1.1" 200 568 5 Nacos-Java-Client:v1.0.0
127.0.0.1 - - [07/Jun/2023:17:25:23 +0800] "PUT /nacos/v1/ns/instance/beat?beat=%7B%22cluster%22%3A%22DEFAULT%22%2C%22ip%22%3A%22169.254.178.150%22%2C%22metadata%22%3A%7B%22preserved.register.source%22%3A%22SPRING_CLOUD%22%7D%2C%22port%22%3A8001%2C%22scheduled%22%3Atrue%2C%22serviceName%22%3A%22DEFAULT_GROUP%40%40service-edu%22%2C%22weight%22%3A1.0%7D&serviceName=DEFAULT_GROUP%40%40service-edu&encoding=UTF-8&namespaceId=public HTTP/1.1" 200 38 12 Nacos-Java-Client:v1.0.0
169.254.178.150 - - [07/Jun/2023:17:25:27 +0800] "GET /nacos/v1/cs/health HTTP/1.1" 200 2 6 Apache-HttpAsyncClient/4.1.3 (Java/1.8.0_131)
127.0.0.1 - - [07/Jun/2023:17:25:28 +0800] "PUT /nacos/v1/ns/instance/beat?beat=%7B%22cluster%22%3A%22DEFAULT%22%2C%22ip%22%3A%22169.254.178.150%22%2C%22metadata%22%3A%7B%22preserved.register.source%22%3A%22SPRING_CLOUD%22%7D%2C%22port%22%3A8001%2C%22scheduled%22%3Atrue%2C%22serviceName%22%3A%22DEFAULT_GROUP%40%40service-edu%22%2C%22weight%22%3A1.0%7D&serviceName=DEFAULT_GROUP%40%40service-edu&encoding=UTF-8&namespaceId=public HTTP/1.1" 200 38 4 Nacos-Java-Client:v1.0.0
169.254.178.150 - - [07/Jun/2023:17:25:32 +0800] "GET /nacos/v1/cs/health HTTP/1.1" 200 2 3 Apache-HttpAsyncClient/4.1.3 (Java/1.8.0_131)
127.0.0.1 - - [07/Jun/2023:17:25:32 +0800] "GET /nacos/v1/ns/instance/list?healthyOnly=false&namespaceId=public&clientIP=169.254.31.74&serviceName=DEFAULT_GROUP%40%40service-edu&udpPort=63782&encoding=UTF-8 HTTP/1.1" 200 568 6 Nacos-Java-Client:v1.0.0
127.0.0.1 - - [07/Jun/2023:17:25:33 +0800] "PUT /nacos/v1/ns/instance/beat?beat=%7B%22cluster%22%3A%22DEFAULT%22%2C%22ip%22%3A%22169.254.178.150%22%2C%22metadata%22%3A%7B%22preserved.register.source%22%3A%22SPRING_CLOUD%22%7D%2C%22port%22%3A8001%2C%22scheduled%22%3Atrue%2C%22serviceName%22%3A%22DEFAULT_GROUP%40%40service-edu%22%2C%22weight%22%3A1.0%7D&serviceName=DEFAULT_GROUP%40%40service-edu&encoding=UTF-8&namespaceId=public HTTP/1.1" 200 38 6 Nacos-Java-Client:v1.0.0
169.254.178.150 - - [07/Jun/2023:17:25:37 +0800] "GET /nacos/v1/cs/health HTTP/1.1" 200 2 6 Apache-HttpAsyncClient/4.1.3 (Java/1.8.0_131)
127.0.0.1 - - [07/Jun/2023:17:25:38 +0800] "PUT /nacos/v1/ns/instance/beat?beat=%7B%22cluster%22%3A%22DEFAULT%22%2C%22ip%22%3A%22169.254.178.150%22%2C%22metadata%22%3A%7B%22preserved.register.source%22%3A%22SPRING_CLOUD%22%7D%2C%22port%22%3A8001%2C%22scheduled%22%3Atrue%2C%22serviceName%22%3A%22DEFAULT_GROUP%40%40service-edu%22%2C%22weight%22%3A1.0%7D&serviceName=DEFAULT_GROUP%40%40service-edu&encoding=UTF-8&namespaceId=public HTTP/1.1" 200 38 2 Nacos-Java-Client:v1.0.0
169.254.178.150 - - [07/Jun/2023:17:25:42 +0800] "GET /nacos/v1/cs/health HTTP/1.1" 200 2 9 Apache-HttpAsyncClient/4.1.3 (Java/1.8.0_131)
127.0.0.1 - - [07/Jun/2023:17:25:42 +0800] "GET /nacos/v1/ns/instance/list?healthyOnly=false&namespaceId=public&clientIP=169.254.31.74&serviceName=DEFAULT_GROUP%40%40service-edu&udpPort=63782&encoding=UTF-8 HTTP/1.1" 200 568 6 Nacos-Java-Client:v1.0.0
127.0.0.1 - - [07/Jun/2023:17:25:43 +0800] "PUT /nacos/v1/ns/instance/beat?beat=%7B%22cluster%22%3A%22DEFAULT%22%2C%22ip%22%3A%22169.254.178.150%22%2C%22metadata%22%3A%7B%22preserved.register.source%22%3A%22SPRING_CLOUD%22%7D%2C%22port%22%3A8001%2C%22scheduled%22%3Atrue%2C%22serviceName%22%3A%22DEFAULT_GROUP%40%40service-edu%22%2C%22weight%22%3A1.0%7D&serviceName=DEFAULT_GROUP%40%40service-edu&encoding=UTF-8&namespaceId=public HTTP/1.1" 200 38 6 Nacos-Java-Client:v1.0.0
169.254.178.150 - - [07/Jun/2023:17:25:47 +0800] "GET /nacos/v1/cs/health HTTP/1.1" 200 2 5 Apache-HttpAsyncClient/4.1.3 (Java/1.8.0_131)
127.0.0.1 - - [07/Jun/2023:17:25:48 +0800] "PUT /nacos/v1/ns/instance/beat?beat=%7B%22cluster%22%3A%22DEFAULT%22%2C%22ip%22%3A%22169.254.178.150%22%2C%22metadata%22%3A%7B%22preserved.register.source%22%3A%22SPRING_CLOUD%22%7D%2C%22port%22%3A8001%2C%22scheduled%22%3Atrue%2C%22serviceName%22%3A%22DEFAULT_GROUP%40%40service-edu%22%2C%22weight%22%3A1.0%7D&serviceName=DEFAULT_GROUP%40%40service-edu&encoding=UTF-8&namespaceId=public HTTP/1.1" 200 38 4 Nacos-Java-Client:v1.0.0
127.0.0.1 - - [07/Jun/2023:17:25:51 +0800] "GET /nacos/v1/ns/service/list?pageSize=2147483647&groupName=DEFAULT_GROUP&encoding=UTF-8&namespaceId=public&pageNo=1 HTTP/1.1" 200 45 11 Nacos-Java-Client:v1.0.0
169.254.178.150 - - [07/Jun/2023:17:25:52 +0800] "GET /nacos/v1/cs/health HTTP/1.1" 200 2 3 Apache-HttpAsyncClient/4.1.3 (Java/1.8.0_131)
127.0.0.1 - - [07/Jun/2023:17:25:52 +0800] "GET /nacos/v1/ns/instance/list?healthyOnly=false&namespaceId=public&clientIP=169.254.31.74&serviceName=DEFAULT_GROUP%40%40service-edu&udpPort=63782&encoding=UTF-8 HTTP/1.1" 200 568 7 Nacos-Java-Client:v1.0.0
127.0.0.1 - - [07/Jun/2023:17:25:53 +0800] "PUT /nacos/v1/ns/instance/beat?beat=%7B%22cluster%22%3A%22DEFAULT%22%2C%22ip%22%3A%22169.254.178.150%22%2C%22metadata%22%3A%7B%22preserved.register.source%22%3A%22SPRING_CLOUD%22%7D%2C%22port%22%3A8001%2C%22scheduled%22%3Atrue%2C%22serviceName%22%3A%22DEFAULT_GROUP%40%40service-edu%22%2C%22weight%22%3A1.0%7D&serviceName=DEFAULT_GROUP%40%40service-edu&encoding=UTF-8&namespaceId=public HTTP/1.1" 200 38 12 Nacos-Java-Client:v1.0.0
169.254.178.150 - - [07/Jun/2023:17:25:57 +0800] "GET /nacos/v1/cs/health HTTP/1.1" 200 2 6 Apache-HttpAsyncClient/4.1.3 (Java/1.8.0_131)
127.0.0.1 - - [07/Jun/2023:17:25:58 +0800] "PUT /nacos/v1/ns/instance/beat?beat=%7B%22cluster%22%3A%22DEFAULT%22%2C%22ip%22%3A%22169.254.178.150%22%2C%22metadata%22%3A%7B%22preserved.register.source%22%3A%22SPRING_CLOUD%22%7D%2C%22port%22%3A8001%2C%22scheduled%22%3Atrue%2C%22serviceName%22%3A%22DEFAULT_GROUP%40%40service-edu%22%2C%22weight%22%3A1.0%7D&serviceName=DEFAULT_GROUP%40%40service-edu&encoding=UTF-8&namespaceId=public HTTP/1.1" 200 38 4 Nacos-Java-Client:v1.0.0
169.254.178.150 - - [07/Jun/2023:17:26:02 +0800] "GET /nacos/v1/cs/health HTTP/1.1" 200 2 3 Apache-HttpAsyncClient/4.1.3 (Java/1.8.0_131)
127.0.0.1 - - [07/Jun/2023:17:26:02 +0800] "GET /nacos/v1/ns/instance/list?healthyOnly=false&namespaceId=public&clientIP=169.254.31.74&serviceName=DEFAULT_GROUP%40%40service-edu&udpPort=63782&encoding=UTF-8 HTTP/1.1" 200 568 6 Nacos-Java-Client:v1.0.0
127.0.0.1 - - [07/Jun/2023:17:26:03 +0800] "PUT /nacos/v1/ns/instance/beat?beat=%7B%22cluster%22%3A%22DEFAULT%22%2C%22ip%22%3A%22169.254.178.150%22%2C%22metadata%22%3A%7B%22preserved.register.source%22%3A%22SPRING_CLOUD%22%7D%2C%22port%22%3A8001%2C%22scheduled%22%3Atrue%2C%22serviceName%22%3A%22DEFAULT_GROUP%40%40service-edu%22%2C%22weight%22%3A1.0%7D&serviceName=DEFAULT_GROUP%40%40service-edu&encoding=UTF-8&namespaceId=public HTTP/1.1" 200 38 2 Nacos-Java-Client:v1.0.0
169.254.178.150 - - [07/Jun/2023:17:26:07 +0800] "GET /nacos/v1/cs/health HTTP/1.1" 200 2 4 Apache-HttpAsyncClient/4.1.3 (Java/1.8.0_131)
127.0.0.1 - - [07/Jun/2023:17:26:08 +0800] "PUT /nacos/v1/ns/instance/beat?beat=%7B%22cluster%22%3A%22DEFAULT%22%2C%22ip%22%3A%22169.254.178.150%22%2C%22metadata%22%3A%7B%22preserved.register.source%22%3A%22SPRING_CLOUD%22%7D%2C%22port%22%3A8001%2C%22scheduled%22%3Atrue%2C%22serviceName%22%3A%22DEFAULT_GROUP%40%40service-edu%22%2C%22weight%22%3A1.0%7D&serviceName=DEFAULT_GROUP%40%40service-edu&encoding=UTF-8&namespaceId=public HTTP/1.1" 200 38 8 Nacos-Java-Client:v1.0.0
169.254.178.150 - - [07/Jun/2023:17:26:12 +0800] "GET /nacos/v1/cs/health HTTP/1.1" 200 2 7 Apache-HttpAsyncClient/4.1.3 (Java/1.8.0_131)
127.0.0.1 - - [07/Jun/2023:17:26:12 +0800] "GET /nacos/v1/ns/instance/list?healthyOnly=false&namespaceId=public&clientIP=169.254.31.74&serviceName=DEFAULT_GROUP%40%40service-edu&udpPort=63782&encoding=UTF-8 HTTP/1.1" 200 568 7 Nacos-Java-Client:v1.0.0
127.0.0.1 - - [07/Jun/2023:17:26:13 +0800] "PUT /nacos/v1/ns/instance/beat?beat=%7B%22cluster%22%3A%22DEFAULT%22%2C%22ip%22%3A%22169.254.178.150%22%2C%22metadata%22%3A%7B%22preserved.register.source%22%3A%22SPRING_CLOUD%22%7D%2C%22port%22%3A8001%2C%22scheduled%22%3Atrue%2C%22serviceName%22%3A%22DEFAULT_GROUP%40%40service-edu%22%2C%22weight%22%3A1.0%7D&serviceName=DEFAULT_GROUP%40%40service-edu&encoding=UTF-8&namespaceId=public HTTP/1.1" 200 38 6 Nacos-Java-Client:v1.0.0
169.254.178.150 - - [07/Jun/2023:17:26:17 +0800] "GET /nacos/v1/cs/health HTTP/1.1" 200 2 4 Apache-HttpAsyncClient/4.1.3 (Java/1.8.0_131)
127.0.0.1 - - [07/Jun/2023:17:26:18 +0800] "PUT /nacos/v1/ns/instance/beat?beat=%7B%22cluster%22%3A%22DEFAULT%22%2C%22ip%22%3A%22169.254.178.150%22%2C%22metadata%22%3A%7B%22preserved.register.source%22%3A%22SPRING_CLOUD%22%7D%2C%22port%22%3A8001%2C%22scheduled%22%3Atrue%2C%22serviceName%22%3A%22DEFAULT_GROUP%40%40service-edu%22%2C%22weight%22%3A1.0%7D&serviceName=DEFAULT_GROUP%40%40service-edu&encoding=UTF-8&namespaceId=public HTTP/1.1" 200 38 3 Nacos-Java-Client:v1.0.0
127.0.0.1 - - [07/Jun/2023:17:26:21 +0800] "GET /nacos/v1/ns/service/list?pageSize=2147483647&groupName=DEFAULT_GROUP&encoding=UTF-8&namespaceId=public&pageNo=1 HTTP/1.1" 200 45 5 Nacos-Java-Client:v1.0.0
169.254.178.150 - - [07/Jun/2023:17:26:22 +0800] "GET /nacos/v1/cs/health HTTP/1.1" 200 2 1 Apache-HttpAsyncClient/4.1.3 (Java/1.8.0_131)
127.0.0.1 - - [07/Jun/2023:17:26:22 +0800] "GET /nacos/v1/ns/instance/list?healthyOnly=false&namespaceId=public&clientIP=169.254.31.74&serviceName=DEFAULT_GROUP%40%40service-edu&udpPort=63782&encoding=UTF-8 HTTP/1.1" 200 568 3 Nacos-Java-Client:v1.0.0
127.0.0.1 - - [07/Jun/2023:17:26:23 +0800] "PUT /nacos/v1/ns/instance/beat?beat=%7B%22cluster%22%3A%22DEFAULT%22%2C%22ip%22%3A%22169.254.178.150%22%2C%22metadata%22%3A%7B%22preserved.register.source%22%3A%22SPRING_CLOUD%22%7D%2C%22port%22%3A8001%2C%22scheduled%22%3Atrue%2C%22serviceName%22%3A%22DEFAULT_GROUP%40%40service-edu%22%2C%22weight%22%3A1.0%7D&serviceName=DEFAULT_GROUP%40%40service-edu&encoding=UTF-8&namespaceId=public HTTP/1.1" 200 38 6 Nacos-Java-Client:v1.0.0
169.254.178.150 - - [07/Jun/2023:17:26:27 +0800] "GET /nacos/v1/cs/health HTTP/1.1" 200 2 3 Apache-HttpAsyncClient/4.1.3 (Java/1.8.0_131)
127.0.0.1 - - [07/Jun/2023:17:26:28 +0800] "PUT /nacos/v1/ns/instance/beat?beat=%7B%22cluster%22%3A%22DEFAULT%22%2C%22ip%22%3A%22169.254.178.150%22%2C%22metadata%22%3A%7B%22preserved.register.source%22%3A%22SPRING_CLOUD%22%7D%2C%22port%22%3A8001%2C%22scheduled%22%3Atrue%2C%22serviceName%22%3A%22DEFAULT_GROUP%40%40service-edu%22%2C%22weight%22%3A1.0%7D&serviceName=DEFAULT_GROUP%40%40service-edu&encoding=UTF-8&namespaceId=public HTTP/1.1" 200 38 3 Nacos-Java-Client:v1.0.0
169.254.178.150 - - [07/Jun/2023:17:26:32 +0800] "GET /nacos/v1/cs/health HTTP/1.1" 200 2 2 Apache-HttpAsyncClient/4.1.3 (Java/1.8.0_131)
127.0.0.1 - - [07/Jun/2023:17:26:32 +0800] "GET /nacos/v1/ns/instance/list?healthyOnly=false&namespaceId=public&clientIP=169.254.31.74&serviceName=DEFAULT_GROUP%40%40service-edu&udpPort=63782&encoding=UTF-8 HTTP/1.1" 200 568 3 Nacos-Java-Client:v1.0.0
127.0.0.1 - - [07/Jun/2023:17:26:33 +0800] "PUT /nacos/v1/ns/instance/beat?beat=%7B%22cluster%22%3A%22DEFAULT%22%2C%22ip%22%3A%22169.254.178.150%22%2C%22metadata%22%3A%7B%22preserved.register.source%22%3A%22SPRING_CLOUD%22%7D%2C%22port%22%3A8001%2C%22scheduled%22%3Atrue%2C%22serviceName%22%3A%22DEFAULT_GROUP%40%40service-edu%22%2C%22weight%22%3A1.0%7D&serviceName=DEFAULT_GROUP%40%40service-edu&encoding=UTF-8&namespaceId=public HTTP/1.1" 200 38 3 Nacos-Java-Client:v1.0.0
169.254.178.150 - - [07/Jun/2023:17:26:37 +0800] "GET /nacos/v1/cs/health HTTP/1.1" 200 2 3 Apache-HttpAsyncClient/4.1.3 (Java/1.8.0_131)
127.0.0.1 - - [07/Jun/2023:17:26:38 +0800] "PUT /nacos/v1/ns/instance/beat?beat=%7B%22cluster%22%3A%22DEFAULT%22%2C%22ip%22%3A%22169.254.178.150%22%2C%22metadata%22%3A%7B%22preserved.register.source%22%3A%22SPRING_CLOUD%22%7D%2C%22port%22%3A8001%2C%22scheduled%22%3Atrue%2C%22serviceName%22%3A%22DEFAULT_GROUP%40%40service-edu%22%2C%22weight%22%3A1.0%7D&serviceName=DEFAULT_GROUP%40%40service-edu&encoding=UTF-8&namespaceId=public HTTP/1.1" 200 38 2 Nacos-Java-Client:v1.0.0
127.0.0.1 - - [07/Jun/2023:17:26:41 +0800] "GET /nacos/v1/ns/service/list?pageSize=2147483647&groupName=DEFAULT_GROUP&encoding=UTF-8&namespaceId=public&pageNo=1 HTTP/1.1" 200 45 3 Nacos-Java-Client:v1.0.0
127.0.0.1 - - [07/Jun/2023:17:26:41 +0800] "GET /nacos/v1/ns/instance/list?healthyOnly=false&namespaceId=public&clientIP=169.254.31.74&serviceName=DEFAULT_GROUP%40%40service-edu&udpPort=49815&encoding=UTF-8 HTTP/1.1" 200 568 2 Nacos-Java-Client:v1.0.0
127.0.0.1 - - [07/Jun/2023:17:26:41 +0800] "POST /nacos/v1/ns/instance?groupName=DEFAULT_GROUP&metadata=%7B%22preserved.register.source%22%3A%22SPRING_CLOUD%22%7D&namespaceId=public&port=8003&enable=true&healthy=true&clusterName=DEFAULT&ip=169.254.178.150&weight=1.0&ephemeral=true&serviceName=DEFAULT_GROUP%40%40service-vod&encoding=UTF-8 HTTP/1.1" 200 2 5 Nacos-Java-Client:v1.0.0
169.254.178.150 - - [07/Jun/2023:17:26:42 +0800] "GET /nacos/v1/cs/health HTTP/1.1" 200 2 3 Apache-HttpAsyncClient/4.1.3 (Java/1.8.0_131)
127.0.0.1 - - [07/Jun/2023:17:26:42 +0800] "GET /nacos/v1/ns/instance/list?healthyOnly=false&namespaceId=public&clientIP=169.254.31.74&serviceName=DEFAULT_GROUP%40%40service-edu&udpPort=49815&encoding=UTF-8 HTTP/1.1" 200 568 2 Nacos-Java-Client:v1.0.0
127.0.0.1 - - [07/Jun/2023:17:26:42 +0800] "GET /nacos/v1/ns/instance/list?healthyOnly=false&namespaceId=public&clientIP=169.254.31.74&serviceName=DEFAULT_GROUP%40%40service-edu&udpPort=63782&encoding=UTF-8 HTTP/1.1" 200 568 2 Nacos-Java-Client:v1.0.0
127.0.0.1 - - [07/Jun/2023:17:26:43 +0800] "PUT /nacos/v1/ns/instance/beat?beat=%7B%22cluster%22%3A%22DEFAULT%22%2C%22ip%22%3A%22169.254.178.150%22%2C%22metadata%22%3A%7B%22preserved.register.source%22%3A%22SPRING_CLOUD%22%7D%2C%22port%22%3A8001%2C%22scheduled%22%3Atrue%2C%22serviceName%22%3A%22DEFAULT_GROUP%40%40service-edu%22%2C%22weight%22%3A1.0%7D&serviceName=DEFAULT_GROUP%40%40service-edu&encoding=UTF-8&namespaceId=public HTTP/1.1" 200 38 4 Nacos-Java-Client:v1.0.0
127.0.0.1 - - [07/Jun/2023:17:26:43 +0800] "PUT /nacos/v1/ns/instance/beat?beat=%7B%22cluster%22%3A%22DEFAULT%22%2C%22ip%22%3A%22169.254.178.150%22%2C%22metadata%22%3A%7B%22preserved.register.source%22%3A%22SPRING_CLOUD%22%7D%2C%22port%22%3A8003%2C%22scheduled%22%3Atrue%2C%22serviceName%22%3A%22DEFAULT_GROUP%40%40service-vod%22%2C%22weight%22%3A1.0%7D&serviceName=DEFAULT_GROUP%40%40service-vod&encoding=UTF-8&namespaceId=public HTTP/1.1" 200 38 2 Nacos-Java-Client:v1.0.0
0:0:0:0:0:0:0:1 - - [07/Jun/2023:17:26:44 +0800] "GET /nacos/ HTTP/1.1" 304 - 7 Mozilla/5.0 (Windows NT 10.0; Win64; x64) AppleWebKit/537.36 (KHTML, like Gecko) Chrome/114.0.0.0 Safari/537.36
0:0:0:0:0:0:0:1 - - [07/Jun/2023:17:26:44 +0800] "GET /nacos/v1/console/namespaces?namespaceId= HTTP/1.1" 200 130 6 Mozilla/5.0 (Windows NT 10.0; Win64; x64) AppleWebKit/537.36 (KHTML, like Gecko) Chrome/114.0.0.0 Safari/537.36
0:0:0:0:0:0:0:1 - - [07/Jun/2023:17:26:44 +0800] "GET /nacos/v1/console/server/state HTTP/1.1" 200 82 4 Mozilla/5.0 (Windows NT 10.0; Win64; x64) AppleWebKit/537.36 (KHTML, like Gecko) Chrome/114.0.0.0 Safari/537.36
0:0:0:0:0:0:0:1 - - [07/Jun/2023:17:26:44 +0800] "GET /nacos/v1/ns/catalog/services?hasIpCount=true&withInstances=false&pageNo=1&pageSize=10&serviceNameParam=&groupNameParam=&namespaceId= HTTP/1.1" 200 293 4 Mozilla/5.0 (Windows NT 10.0; Win64; x64) AppleWebKit/537.36 (KHTML, like Gecko) Chrome/114.0.0.0 Safari/537.36
169.254.178.150 - - [07/Jun/2023:17:26:47 +0800] "GET /nacos/v1/cs/health HTTP/1.1" 200 2 6 Apache-HttpAsyncClient/4.1.3 (Java/1.8.0_131)
127.0.0.1 - - [07/Jun/2023:17:26:48 +0800] "PUT /nacos/v1/ns/instance/beat?beat=%7B%22cluster%22%3A%22DEFAULT%22%2C%22ip%22%3A%22169.254.178.150%22%2C%22metadata%22%3A%7B%22preserved.register.source%22%3A%22SPRING_CLOUD%22%7D%2C%22port%22%3A8001%2C%22scheduled%22%3Atrue%2C%22serviceName%22%3A%22DEFAULT_GROUP%40%40service-edu%22%2C%22weight%22%3A1.0%7D&serviceName=DEFAULT_GROUP%40%40service-edu&encoding=UTF-8&namespaceId=public HTTP/1.1" 200 38 6 Nacos-Java-Client:v1.0.0
127.0.0.1 - - [07/Jun/2023:17:26:48 +0800] "PUT /nacos/v1/ns/instance/beat?beat=%7B%22cluster%22%3A%22DEFAULT%22%2C%22ip%22%3A%22169.254.178.150%22%2C%22metadata%22%3A%7B%22preserved.register.source%22%3A%22SPRING_CLOUD%22%7D%2C%22port%22%3A8003%2C%22scheduled%22%3Atrue%2C%22serviceName%22%3A%22DEFAULT_GROUP%40%40service-vod%22%2C%22weight%22%3A1.0%7D&serviceName=DEFAULT_GROUP%40%40service-vod&encoding=UTF-8&namespaceId=public HTTP/1.1" 200 38 6 Nacos-Java-Client:v1.0.0
127.0.0.1 - - [07/Jun/2023:17:26:51 +0800] "GET /nacos/v1/ns/service/list?pageSize=2147483647&groupName=DEFAULT_GROUP&encoding=UTF-8&namespaceId=public&pageNo=1 HTTP/1.1" 200 59 9 Nacos-Java-Client:v1.0.0
127.0.0.1 - - [07/Jun/2023:17:26:51 +0800] "GET /nacos/v1/ns/instance/list?healthyOnly=false&namespaceId=public&clientIP=169.254.31.74&serviceName=DEFAULT_GROUP%40%40service-vod&udpPort=63782&encoding=UTF-8 HTTP/1.1" 200 568 8 Nacos-Java-Client:v1.0.0
169.254.178.150 - - [07/Jun/2023:17:26:52 +0800] "GET /nacos/v1/cs/health HTTP/1.1" 200 2 6 Apache-HttpAsyncClient/4.1.3 (Java/1.8.0_131)
127.0.0.1 - - [07/Jun/2023:17:26:52 +0800] "GET /nacos/v1/ns/instance/list?healthyOnly=false&namespaceId=public&clientIP=169.254.31.74&serviceName=DEFAULT_GROUP%40%40service-edu&udpPort=49815&encoding=UTF-8 HTTP/1.1" 200 568 1 Nacos-Java-Client:v1.0.0
127.0.0.1 - - [07/Jun/2023:17:26:52 +0800] "GET /nacos/v1/ns/instance/list?healthyOnly=false&namespaceId=public&clientIP=169.254.31.74&serviceName=DEFAULT_GROUP%40%40service-vod&udpPort=63782&encoding=UTF-8 HTTP/1.1" 200 568 5 Nacos-Java-Client:v1.0.0
127.0.0.1 - - [07/Jun/2023:17:26:52 +0800] "GET /nacos/v1/ns/instance/list?healthyOnly=false&namespaceId=public&clientIP=169.254.31.74&serviceName=DEFAULT_GROUP%40%40service-edu&udpPort=63782&encoding=UTF-8 HTTP/1.1" 200 568 3 Nacos-Java-Client:v1.0.0
127.0.0.1 - - [07/Jun/2023:17:26:53 +0800] "PUT /nacos/v1/ns/instance/beat?beat=%7B%22cluster%22%3A%22DEFAULT%22%2C%22ip%22%3A%22169.254.178.150%22%2C%22metadata%22%3A%7B%22preserved.register.source%22%3A%22SPRING_CLOUD%22%7D%2C%22port%22%3A8001%2C%22scheduled%22%3Atrue%2C%22serviceName%22%3A%22DEFAULT_GROUP%40%40service-edu%22%2C%22weight%22%3A1.0%7D&serviceName=DEFAULT_GROUP%40%40service-edu&encoding=UTF-8&namespaceId=public HTTP/1.1" 200 38 5 Nacos-Java-Client:v1.0.0
127.0.0.1 - - [07/Jun/2023:17:26:53 +0800] "PUT /nacos/v1/ns/instance/beat?beat=%7B%22cluster%22%3A%22DEFAULT%22%2C%22ip%22%3A%22169.254.178.150%22%2C%22metadata%22%3A%7B%22preserved.register.source%22%3A%22SPRING_CLOUD%22%7D%2C%22port%22%3A8003%2C%22scheduled%22%3Atrue%2C%22serviceName%22%3A%22DEFAULT_GROUP%40%40service-vod%22%2C%22weight%22%3A1.0%7D&serviceName=DEFAULT_GROUP%40%40service-vod&encoding=UTF-8&namespaceId=public HTTP/1.1" 200 38 2 Nacos-Java-Client:v1.0.0
169.254.178.150 - - [07/Jun/2023:17:26:57 +0800] "GET /nacos/v1/cs/health HTTP/1.1" 200 2 4 Apache-HttpAsyncClient/4.1.3 (Java/1.8.0_131)
169.254.178.150 - - [07/Jun/2023:17:27:02 +0800] "GET /nacos/v1/cs/health HTTP/1.1" 200 2 5 Apache-HttpAsyncClient/4.1.3 (Java/1.8.0_131)
169.254.178.150 - - [07/Jun/2023:17:27:07 +0800] "GET /nacos/v1/cs/health HTTP/1.1" 200 2 4 Apache-HttpAsyncClient/4.1.3 (Java/1.8.0_131)
169.254.178.150 - - [07/Jun/2023:17:27:12 +0800] "GET /nacos/v1/cs/health HTTP/1.1" 200 2 9 Apache-HttpAsyncClient/4.1.3 (Java/1.8.0_131)
169.254.178.150 - - [07/Jun/2023:17:27:17 +0800] "GET /nacos/v1/cs/health HTTP/1.1" 200 2 4 Apache-HttpAsyncClient/4.1.3 (Java/1.8.0_131)
169.254.178.150 - - [07/Jun/2023:17:27:22 +0800] "GET /nacos/v1/cs/health HTTP/1.1" 200 2 4 Apache-HttpAsyncClient/4.1.3 (Java/1.8.0_131)
127.0.0.1 - - [07/Jun/2023:17:27:26 +0800] "DELETE /nacos/v1/ns/instance?ephemeral=true&serviceName=DEFAULT_GROUP%40%40service-vod&port=8003&namespaceId=public&ip=169.254.178.150&clusterName=DEFAULT HTTP/1.1" 200 2 5 Nacos-Server:1.1.4
127.0.0.1 - - [07/Jun/2023:17:27:26 +0800] "DELETE /nacos/v1/ns/instance?ephemeral=true&serviceName=DEFAULT_GROUP%40%40service-edu&port=8001&namespaceId=public&ip=169.254.178.150&clusterName=DEFAULT HTTP/1.1" 200 2 5 Nacos-Server:1.1.4
169.254.178.150 - - [07/Jun/2023:17:27:27 +0800] "GET /nacos/v1/cs/health HTTP/1.1" 200 2 4 Apache-HttpAsyncClient/4.1.3 (Java/1.8.0_131)
169.254.178.150 - - [07/Jun/2023:17:27:32 +0800] "GET /nacos/v1/cs/health HTTP/1.1" 200 2 6 Apache-HttpAsyncClient/4.1.3 (Java/1.8.0_131)
169.254.178.150 - - [07/Jun/2023:17:27:37 +0800] "GET /nacos/v1/cs/health HTTP/1.1" 200 2 5 Apache-HttpAsyncClient/4.1.3 (Java/1.8.0_131)
169.254.178.150 - - [07/Jun/2023:17:27:42 +0800] "GET /nacos/v1/cs/health HTTP/1.1" 200 2 9 Apache-HttpAsyncClient/4.1.3 (Java/1.8.0_131)
169.254.178.150 - - [07/Jun/2023:17:27:47 +0800] "GET /nacos/v1/cs/health HTTP/1.1" 200 2 5 Apache-HttpAsyncClient/4.1.3 (Java/1.8.0_131)
169.254.178.150 - - [07/Jun/2023:17:27:52 +0800] "GET /nacos/v1/cs/health HTTP/1.1" 200 2 4 Apache-HttpAsyncClient/4.1.3 (Java/1.8.0_131)
169.254.178.150 - - [07/Jun/2023:17:27:57 +0800] "GET /nacos/v1/cs/health HTTP/1.1" 200 2 5 Apache-HttpAsyncClient/4.1.3 (Java/1.8.0_131)
169.254.178.150 - - [07/Jun/2023:17:28:02 +0800] "GET /nacos/v1/cs/health HTTP/1.1" 200 2 4 Apache-HttpAsyncClient/4.1.3 (Java/1.8.0_131)
169.254.178.150 - - [07/Jun/2023:17:28:07 +0800] "GET /nacos/v1/cs/health HTTP/1.1" 200 2 5 Apache-HttpAsyncClient/4.1.3 (Java/1.8.0_131)
169.254.178.150 - - [07/Jun/2023:17:28:12 +0800] "GET /nacos/v1/cs/health HTTP/1.1" 200 2 9 Apache-HttpAsyncClient/4.1.3 (Java/1.8.0_131)
169.254.178.150 - - [07/Jun/2023:17:28:17 +0800] "GET /nacos/v1/cs/health HTTP/1.1" 200 2 2 Apache-HttpAsyncClient/4.1.3 (Java/1.8.0_131)
169.254.178.150 - - [07/Jun/2023:17:28:22 +0800] "GET /nacos/v1/cs/health HTTP/1.1" 200 2 5 Apache-HttpAsyncClient/4.1.3 (Java/1.8.0_131)
169.254.178.150 - - [07/Jun/2023:17:28:27 +0800] "GET /nacos/v1/cs/health HTTP/1.1" 200 2 4 Apache-HttpAsyncClient/4.1.3 (Java/1.8.0_131)
169.254.178.150 - - [07/Jun/2023:17:28:32 +0800] "GET /nacos/v1/cs/health HTTP/1.1" 200 2 5 Apache-HttpAsyncClient/4.1.3 (Java/1.8.0_131)
169.254.178.150 - - [07/Jun/2023:17:28:37 +0800] "GET /nacos/v1/cs/health HTTP/1.1" 200 2 4 Apache-HttpAsyncClient/4.1.3 (Java/1.8.0_131)
169.254.178.150 - - [07/Jun/2023:17:28:42 +0800] "GET /nacos/v1/cs/health HTTP/1.1" 200 2 9 Apache-HttpAsyncClient/4.1.3 (Java/1.8.0_131)
169.254.178.150 - - [07/Jun/2023:17:28:47 +0800] "GET /nacos/v1/cs/health HTTP/1.1" 200 2 5 Apache-HttpAsyncClient/4.1.3 (Java/1.8.0_131)
169.254.178.150 - - [07/Jun/2023:17:28:52 +0800] "GET /nacos/v1/cs/health HTTP/1.1" 200 2 4 Apache-HttpAsyncClient/4.1.3 (Java/1.8.0_131)
169.254.178.150 - - [07/Jun/2023:17:28:57 +0800] "GET /nacos/v1/cs/health HTTP/1.1" 200 2 5 Apache-HttpAsyncClient/4.1.3 (Java/1.8.0_131)
169.254.178.150 - - [07/Jun/2023:17:29:02 +0800] "GET /nacos/v1/cs/health HTTP/1.1" 200 2 4 Apache-HttpAsyncClient/4.1.3 (Java/1.8.0_131)
169.254.178.150 - - [07/Jun/2023:17:29:07 +0800] "GET /nacos/v1/cs/health HTTP/1.1" 200 2 5 Apache-HttpAsyncClient/4.1.3 (Java/1.8.0_131)
169.254.178.150 - - [07/Jun/2023:17:29:12 +0800] "GET /nacos/v1/cs/health HTTP/1.1" 200 2 9 Apache-HttpAsyncClient/4.1.3 (Java/1.8.0_131)
169.254.178.150 - - [07/Jun/2023:17:29:17 +0800] "GET /nacos/v1/cs/health HTTP/1.1" 200 2 5 Apache-HttpAsyncClient/4.1.3 (Java/1.8.0_131)
169.254.178.150 - - [07/Jun/2023:17:29:22 +0800] "GET /nacos/v1/cs/health HTTP/1.1" 200 2 5 Apache-HttpAsyncClient/4.1.3 (Java/1.8.0_131)
169.254.178.150 - - [07/Jun/2023:17:29:27 +0800] "GET /nacos/v1/cs/health HTTP/1.1" 200 2 3 Apache-HttpAsyncClient/4.1.3 (Java/1.8.0_131)
169.254.178.150 - - [07/Jun/2023:17:29:32 +0800] "GET /nacos/v1/cs/health HTTP/1.1" 200 2 5 Apache-HttpAsyncClient/4.1.3 (Java/1.8.0_131)
