169.254.178.150 - - [07/Jun/2023:21:12:57 +0800] "GET /nacos/v1/cs/health HTTP/1.1" 200 2 3 Apache-HttpAsyncClient/4.1.3 (Java/1.8.0_131)
169.254.178.150 - - [07/Jun/2023:21:13:02 +0800] "GET /nacos/v1/cs/health HTTP/1.1" 200 2 32 Apache-HttpAsyncClient/4.1.3 (Java/1.8.0_131)
169.254.178.150 - - [07/Jun/2023:21:13:07 +0800] "GET /nacos/v1/cs/health HTTP/1.1" 200 2 3 Apache-HttpAsyncClient/4.1.3 (Java/1.8.0_131)
169.254.178.150 - - [07/Jun/2023:21:13:12 +0800] "GET /nacos/v1/cs/health HTTP/1.1" 200 2 3 Apache-HttpAsyncClient/4.1.3 (Java/1.8.0_131)
169.254.178.150 - - [07/Jun/2023:21:13:17 +0800] "GET /nacos/v1/cs/health HTTP/1.1" 200 2 5 Apache-HttpAsyncClient/4.1.3 (Java/1.8.0_131)
169.254.178.150 - - [07/Jun/2023:21:13:22 +0800] "GET /nacos/v1/cs/health HTTP/1.1" 200 2 3 Apache-HttpAsyncClient/4.1.3 (Java/1.8.0_131)
169.254.178.150 - - [07/Jun/2023:21:13:27 +0800] "GET /nacos/v1/cs/health HTTP/1.1" 200 2 4 Apache-HttpAsyncClient/4.1.3 (Java/1.8.0_131)
169.254.178.150 - - [07/Jun/2023:21:13:32 +0800] "GET /nacos/v1/cs/health HTTP/1.1" 200 2 2 Apache-HttpAsyncClient/4.1.3 (Java/1.8.0_131)
169.254.178.150 - - [07/Jun/2023:21:13:37 +0800] "GET /nacos/v1/cs/health HTTP/1.1" 200 2 4 Apache-HttpAsyncClient/4.1.3 (Java/1.8.0_131)
169.254.178.150 - - [07/Jun/2023:21:13:42 +0800] "GET /nacos/v1/cs/health HTTP/1.1" 200 2 6 Apache-HttpAsyncClient/4.1.3 (Java/1.8.0_131)
169.254.178.150 - - [07/Jun/2023:21:13:47 +0800] "GET /nacos/v1/cs/health HTTP/1.1" 200 2 5 Apache-HttpAsyncClient/4.1.3 (Java/1.8.0_131)
169.254.178.150 - - [07/Jun/2023:21:13:52 +0800] "GET /nacos/v1/cs/health HTTP/1.1" 200 2 3 Apache-HttpAsyncClient/4.1.3 (Java/1.8.0_131)
169.254.178.150 - - [07/Jun/2023:21:13:57 +0800] "GET /nacos/v1/cs/health HTTP/1.1" 200 2 2 Apache-HttpAsyncClient/4.1.3 (Java/1.8.0_131)
169.254.178.150 - - [07/Jun/2023:21:14:02 +0800] "GET /nacos/v1/cs/health HTTP/1.1" 200 2 2 Apache-HttpAsyncClient/4.1.3 (Java/1.8.0_131)
169.254.178.150 - - [07/Jun/2023:21:14:07 +0800] "GET /nacos/v1/cs/health HTTP/1.1" 200 2 5 Apache-HttpAsyncClient/4.1.3 (Java/1.8.0_131)
169.254.178.150 - - [07/Jun/2023:21:14:12 +0800] "GET /nacos/v1/cs/health HTTP/1.1" 200 2 2 Apache-HttpAsyncClient/4.1.3 (Java/1.8.0_131)
169.254.178.150 - - [07/Jun/2023:21:14:17 +0800] "GET /nacos/v1/cs/health HTTP/1.1" 200 2 3 Apache-HttpAsyncClient/4.1.3 (Java/1.8.0_131)
169.254.178.150 - - [07/Jun/2023:21:14:22 +0800] "GET /nacos/v1/cs/health HTTP/1.1" 200 2 3 Apache-HttpAsyncClient/4.1.3 (Java/1.8.0_131)
169.254.178.150 - - [07/Jun/2023:21:14:27 +0800] "GET /nacos/v1/cs/health HTTP/1.1" 200 2 4 Apache-HttpAsyncClient/4.1.3 (Java/1.8.0_131)
169.254.178.150 - - [07/Jun/2023:21:14:32 +0800] "GET /nacos/v1/cs/health HTTP/1.1" 200 2 1 Apache-HttpAsyncClient/4.1.3 (Java/1.8.0_131)
169.254.178.150 - - [07/Jun/2023:21:14:37 +0800] "GET /nacos/v1/cs/health HTTP/1.1" 200 2 4 Apache-HttpAsyncClient/4.1.3 (Java/1.8.0_131)
169.254.178.150 - - [07/Jun/2023:21:14:42 +0800] "GET /nacos/v1/cs/health HTTP/1.1" 200 2 2 Apache-HttpAsyncClient/4.1.3 (Java/1.8.0_131)
169.254.178.150 - - [07/Jun/2023:21:14:47 +0800] "GET /nacos/v1/cs/health HTTP/1.1" 200 2 2 Apache-HttpAsyncClient/4.1.3 (Java/1.8.0_131)
169.254.178.150 - - [07/Jun/2023:21:14:52 +0800] "GET /nacos/v1/cs/health HTTP/1.1" 200 2 2 Apache-HttpAsyncClient/4.1.3 (Java/1.8.0_131)
169.254.178.150 - - [07/Jun/2023:21:14:57 +0800] "GET /nacos/v1/cs/health HTTP/1.1" 200 2 2 Apache-HttpAsyncClient/4.1.3 (Java/1.8.0_131)
169.254.178.150 - - [07/Jun/2023:21:15:02 +0800] "GET /nacos/v1/cs/health HTTP/1.1" 200 2 3 Apache-HttpAsyncClient/4.1.3 (Java/1.8.0_131)
169.254.178.150 - - [07/Jun/2023:21:15:07 +0800] "GET /nacos/v1/cs/health HTTP/1.1" 200 2 2 Apache-HttpAsyncClient/4.1.3 (Java/1.8.0_131)
169.254.178.150 - - [07/Jun/2023:21:15:12 +0800] "GET /nacos/v1/cs/health HTTP/1.1" 200 2 2 Apache-HttpAsyncClient/4.1.3 (Java/1.8.0_131)
169.254.178.150 - - [07/Jun/2023:21:15:17 +0800] "GET /nacos/v1/cs/health HTTP/1.1" 200 2 5 Apache-HttpAsyncClient/4.1.3 (Java/1.8.0_131)
169.254.178.150 - - [07/Jun/2023:21:15:22 +0800] "GET /nacos/v1/cs/health HTTP/1.1" 200 2 2 Apache-HttpAsyncClient/4.1.3 (Java/1.8.0_131)
169.254.178.150 - - [07/Jun/2023:21:15:27 +0800] "GET /nacos/v1/cs/health HTTP/1.1" 200 2 4 Apache-HttpAsyncClient/4.1.3 (Java/1.8.0_131)
169.254.178.150 - - [07/Jun/2023:21:15:32 +0800] "GET /nacos/v1/cs/health HTTP/1.1" 200 2 3 Apache-HttpAsyncClient/4.1.3 (Java/1.8.0_131)
169.254.178.150 - - [07/Jun/2023:21:15:37 +0800] "GET /nacos/v1/cs/health HTTP/1.1" 200 2 1 Apache-HttpAsyncClient/4.1.3 (Java/1.8.0_131)
169.254.178.150 - - [07/Jun/2023:21:15:42 +0800] "GET /nacos/v1/cs/health HTTP/1.1" 200 2 5 Apache-HttpAsyncClient/4.1.3 (Java/1.8.0_131)
169.254.178.150 - - [07/Jun/2023:21:15:47 +0800] "GET /nacos/v1/cs/health HTTP/1.1" 200 2 7 Apache-HttpAsyncClient/4.1.3 (Java/1.8.0_131)
169.254.178.150 - - [07/Jun/2023:21:15:52 +0800] "GET /nacos/v1/cs/health HTTP/1.1" 200 2 3 Apache-HttpAsyncClient/4.1.3 (Java/1.8.0_131)
169.254.178.150 - - [07/Jun/2023:21:15:57 +0800] "GET /nacos/v1/cs/health HTTP/1.1" 200 2 3 Apache-HttpAsyncClient/4.1.3 (Java/1.8.0_131)
169.254.178.150 - - [07/Jun/2023:21:16:02 +0800] "GET /nacos/v1/cs/health HTTP/1.1" 200 2 4 Apache-HttpAsyncClient/4.1.3 (Java/1.8.0_131)
169.254.178.150 - - [07/Jun/2023:21:16:07 +0800] "GET /nacos/v1/cs/health HTTP/1.1" 200 2 3 Apache-HttpAsyncClient/4.1.3 (Java/1.8.0_131)
169.254.178.150 - - [07/Jun/2023:21:16:12 +0800] "GET /nacos/v1/cs/health HTTP/1.1" 200 2 3 Apache-HttpAsyncClient/4.1.3 (Java/1.8.0_131)
169.254.178.150 - - [07/Jun/2023:21:16:17 +0800] "GET /nacos/v1/cs/health HTTP/1.1" 200 2 6 Apache-HttpAsyncClient/4.1.3 (Java/1.8.0_131)
169.254.178.150 - - [07/Jun/2023:21:16:22 +0800] "GET /nacos/v1/cs/health HTTP/1.1" 200 2 3 Apache-HttpAsyncClient/4.1.3 (Java/1.8.0_131)
169.254.178.150 - - [07/Jun/2023:21:16:27 +0800] "GET /nacos/v1/cs/health HTTP/1.1" 200 2 3 Apache-HttpAsyncClient/4.1.3 (Java/1.8.0_131)
169.254.178.150 - - [07/Jun/2023:21:16:32 +0800] "GET /nacos/v1/cs/health HTTP/1.1" 200 2 2 Apache-HttpAsyncClient/4.1.3 (Java/1.8.0_131)
169.254.178.150 - - [07/Jun/2023:21:16:37 +0800] "GET /nacos/v1/cs/health HTTP/1.1" 200 2 2 Apache-HttpAsyncClient/4.1.3 (Java/1.8.0_131)
169.254.178.150 - - [07/Jun/2023:21:16:42 +0800] "GET /nacos/v1/cs/health HTTP/1.1" 200 2 3 Apache-HttpAsyncClient/4.1.3 (Java/1.8.0_131)
169.254.178.150 - - [07/Jun/2023:21:16:47 +0800] "GET /nacos/v1/cs/health HTTP/1.1" 200 2 3 Apache-HttpAsyncClient/4.1.3 (Java/1.8.0_131)
169.254.178.150 - - [07/Jun/2023:21:16:52 +0800] "GET /nacos/v1/cs/health HTTP/1.1" 200 2 3 Apache-HttpAsyncClient/4.1.3 (Java/1.8.0_131)
169.254.178.150 - - [07/Jun/2023:21:16:57 +0800] "GET /nacos/v1/cs/health HTTP/1.1" 200 2 2 Apache-HttpAsyncClient/4.1.3 (Java/1.8.0_131)
169.254.178.150 - - [07/Jun/2023:21:17:02 +0800] "GET /nacos/v1/cs/health HTTP/1.1" 200 2 2 Apache-HttpAsyncClient/4.1.3 (Java/1.8.0_131)
169.254.178.150 - - [07/Jun/2023:21:17:07 +0800] "GET /nacos/v1/cs/health HTTP/1.1" 200 2 4 Apache-HttpAsyncClient/4.1.3 (Java/1.8.0_131)
169.254.178.150 - - [07/Jun/2023:21:17:12 +0800] "GET /nacos/v1/cs/health HTTP/1.1" 200 2 3 Apache-HttpAsyncClient/4.1.3 (Java/1.8.0_131)
169.254.178.150 - - [07/Jun/2023:21:17:17 +0800] "GET /nacos/v1/cs/health HTTP/1.1" 200 2 7 Apache-HttpAsyncClient/4.1.3 (Java/1.8.0_131)
169.254.178.150 - - [07/Jun/2023:21:17:22 +0800] "GET /nacos/v1/cs/health HTTP/1.1" 200 2 2 Apache-HttpAsyncClient/4.1.3 (Java/1.8.0_131)
169.254.178.150 - - [07/Jun/2023:21:17:27 +0800] "GET /nacos/v1/cs/health HTTP/1.1" 200 2 3 Apache-HttpAsyncClient/4.1.3 (Java/1.8.0_131)
169.254.178.150 - - [07/Jun/2023:21:17:32 +0800] "GET /nacos/v1/cs/health HTTP/1.1" 200 2 3 Apache-HttpAsyncClient/4.1.3 (Java/1.8.0_131)
169.254.178.150 - - [07/Jun/2023:21:17:37 +0800] "GET /nacos/v1/cs/health HTTP/1.1" 200 2 2 Apache-HttpAsyncClient/4.1.3 (Java/1.8.0_131)
169.254.178.150 - - [07/Jun/2023:21:17:42 +0800] "GET /nacos/v1/cs/health HTTP/1.1" 200 2 2 Apache-HttpAsyncClient/4.1.3 (Java/1.8.0_131)
169.254.178.150 - - [07/Jun/2023:21:17:47 +0800] "GET /nacos/v1/cs/health HTTP/1.1" 200 2 6 Apache-HttpAsyncClient/4.1.3 (Java/1.8.0_131)
169.254.178.150 - - [07/Jun/2023:21:17:52 +0800] "GET /nacos/v1/cs/health HTTP/1.1" 200 2 1 Apache-HttpAsyncClient/4.1.3 (Java/1.8.0_131)
169.254.178.150 - - [07/Jun/2023:21:17:57 +0800] "GET /nacos/v1/cs/health HTTP/1.1" 200 2 2 Apache-HttpAsyncClient/4.1.3 (Java/1.8.0_131)
169.254.178.150 - - [07/Jun/2023:21:18:02 +0800] "GET /nacos/v1/cs/health HTTP/1.1" 200 2 3 Apache-HttpAsyncClient/4.1.3 (Java/1.8.0_131)
169.254.178.150 - - [07/Jun/2023:21:18:07 +0800] "GET /nacos/v1/cs/health HTTP/1.1" 200 2 2 Apache-HttpAsyncClient/4.1.3 (Java/1.8.0_131)
169.254.178.150 - - [07/Jun/2023:21:18:12 +0800] "GET /nacos/v1/cs/health HTTP/1.1" 200 2 2 Apache-HttpAsyncClient/4.1.3 (Java/1.8.0_131)
169.254.178.150 - - [07/Jun/2023:21:18:17 +0800] "GET /nacos/v1/cs/health HTTP/1.1" 200 2 10 Apache-HttpAsyncClient/4.1.3 (Java/1.8.0_131)
169.254.178.150 - - [07/Jun/2023:21:18:22 +0800] "GET /nacos/v1/cs/health HTTP/1.1" 200 2 2 Apache-HttpAsyncClient/4.1.3 (Java/1.8.0_131)
169.254.178.150 - - [07/Jun/2023:21:18:27 +0800] "GET /nacos/v1/cs/health HTTP/1.1" 200 2 1 Apache-HttpAsyncClient/4.1.3 (Java/1.8.0_131)
169.254.178.150 - - [07/Jun/2023:21:18:32 +0800] "GET /nacos/v1/cs/health HTTP/1.1" 200 2 3 Apache-HttpAsyncClient/4.1.3 (Java/1.8.0_131)
169.254.178.150 - - [07/Jun/2023:21:18:37 +0800] "GET /nacos/v1/cs/health HTTP/1.1" 200 2 1 Apache-HttpAsyncClient/4.1.3 (Java/1.8.0_131)
169.254.178.150 - - [07/Jun/2023:21:18:42 +0800] "GET /nacos/v1/cs/health HTTP/1.1" 200 2 3 Apache-HttpAsyncClient/4.1.3 (Java/1.8.0_131)
169.254.178.150 - - [07/Jun/2023:21:18:47 +0800] "GET /nacos/v1/cs/health HTTP/1.1" 200 2 8 Apache-HttpAsyncClient/4.1.3 (Java/1.8.0_131)
169.254.178.150 - - [07/Jun/2023:21:18:52 +0800] "GET /nacos/v1/cs/health HTTP/1.1" 200 2 4 Apache-HttpAsyncClient/4.1.3 (Java/1.8.0_131)
169.254.178.150 - - [07/Jun/2023:21:18:57 +0800] "GET /nacos/v1/cs/health HTTP/1.1" 200 2 4 Apache-HttpAsyncClient/4.1.3 (Java/1.8.0_131)
169.254.178.150 - - [07/Jun/2023:21:19:02 +0800] "GET /nacos/v1/cs/health HTTP/1.1" 200 2 2 Apache-HttpAsyncClient/4.1.3 (Java/1.8.0_131)
169.254.178.150 - - [07/Jun/2023:21:19:07 +0800] "GET /nacos/v1/cs/health HTTP/1.1" 200 2 1 Apache-HttpAsyncClient/4.1.3 (Java/1.8.0_131)
169.254.178.150 - - [07/Jun/2023:21:19:12 +0800] "GET /nacos/v1/cs/health HTTP/1.1" 200 2 1 Apache-HttpAsyncClient/4.1.3 (Java/1.8.0_131)
169.254.178.150 - - [07/Jun/2023:21:19:17 +0800] "GET /nacos/v1/cs/health HTTP/1.1" 200 2 3 Apache-HttpAsyncClient/4.1.3 (Java/1.8.0_131)
169.254.178.150 - - [07/Jun/2023:21:19:22 +0800] "GET /nacos/v1/cs/health HTTP/1.1" 200 2 2 Apache-HttpAsyncClient/4.1.3 (Java/1.8.0_131)
169.254.178.150 - - [07/Jun/2023:21:19:27 +0800] "GET /nacos/v1/cs/health HTTP/1.1" 200 2 2 Apache-HttpAsyncClient/4.1.3 (Java/1.8.0_131)
169.254.178.150 - - [07/Jun/2023:21:19:32 +0800] "GET /nacos/v1/cs/health HTTP/1.1" 200 2 2 Apache-HttpAsyncClient/4.1.3 (Java/1.8.0_131)
169.254.178.150 - - [07/Jun/2023:21:19:37 +0800] "GET /nacos/v1/cs/health HTTP/1.1" 200 2 2 Apache-HttpAsyncClient/4.1.3 (Java/1.8.0_131)
169.254.178.150 - - [07/Jun/2023:21:19:42 +0800] "GET /nacos/v1/cs/health HTTP/1.1" 200 2 4 Apache-HttpAsyncClient/4.1.3 (Java/1.8.0_131)
169.254.178.150 - - [07/Jun/2023:21:19:47 +0800] "GET /nacos/v1/cs/health HTTP/1.1" 200 2 4 Apache-HttpAsyncClient/4.1.3 (Java/1.8.0_131)
127.0.0.1 - - [07/Jun/2023:22:49:55 +0800] "PUT /nacos/v1/ns/instance/beat?beat=%7B%22cluster%22%3A%22DEFAULT%22%2C%22ip%22%3A%22169.254.178.150%22%2C%22metadata%22%3A%7B%22preserved.register.source%22%3A%22SPRING_CLOUD%22%7D%2C%22port%22%3A8001%2C%22scheduled%22%3Atrue%2C%22serviceName%22%3A%22DEFAULT_GROUP%40%40service-edu%22%2C%22weight%22%3A1.0%7D&serviceName=DEFAULT_GROUP%40%40service-edu&encoding=UTF-8&namespaceId=public HTTP/1.1" 200 38 267 Nacos-Java-Client:v1.0.0
169.254.178.150 - - [07/Jun/2023:22:49:58 +0800] "GET /nacos/v1/cs/health HTTP/1.1" 200 2 8 Apache-HttpAsyncClient/4.1.3 (Java/1.8.0_131)
127.0.0.1 - - [07/Jun/2023:22:50:00 +0800] "PUT /nacos/v1/ns/instance/beat?beat=%7B%22cluster%22%3A%22DEFAULT%22%2C%22ip%22%3A%22169.254.178.150%22%2C%22metadata%22%3A%7B%22preserved.register.source%22%3A%22SPRING_CLOUD%22%7D%2C%22port%22%3A8001%2C%22scheduled%22%3Atrue%2C%22serviceName%22%3A%22DEFAULT_GROUP%40%40service-edu%22%2C%22weight%22%3A1.0%7D&serviceName=DEFAULT_GROUP%40%40service-edu&encoding=UTF-8&namespaceId=public HTTP/1.1" 200 38 5 Nacos-Java-Client:v1.0.0
169.254.178.150 - - [07/Jun/2023:22:50:03 +0800] "GET /nacos/v1/cs/health HTTP/1.1" 200 2 5 Apache-HttpAsyncClient/4.1.3 (Java/1.8.0_131)
127.0.0.1 - - [07/Jun/2023:22:50:05 +0800] "PUT /nacos/v1/ns/instance/beat?beat=%7B%22cluster%22%3A%22DEFAULT%22%2C%22ip%22%3A%22169.254.178.150%22%2C%22metadata%22%3A%7B%22preserved.register.source%22%3A%22SPRING_CLOUD%22%7D%2C%22port%22%3A8001%2C%22scheduled%22%3Atrue%2C%22serviceName%22%3A%22DEFAULT_GROUP%40%40service-edu%22%2C%22weight%22%3A1.0%7D&serviceName=DEFAULT_GROUP%40%40service-edu&encoding=UTF-8&namespaceId=public HTTP/1.1" 200 38 11 Nacos-Java-Client:v1.0.0
127.0.0.1 - - [07/Jun/2023:22:50:05 +0800] "GET /nacos/v1/ns/service/list?pageSize=2147483647&groupName=DEFAULT_GROUP&encoding=UTF-8&namespaceId=public&pageNo=1 HTTP/1.1" 200 45 20 Nacos-Java-Client:v1.0.0
127.0.0.1 - - [07/Jun/2023:22:50:05 +0800] "GET /nacos/v1/ns/instance/list?healthyOnly=false&namespaceId=public&clientIP=169.254.31.74&serviceName=DEFAULT_GROUP%40%40service-edu&udpPort=61997&encoding=UTF-8 HTTP/1.1" 200 568 41 Nacos-Java-Client:v1.0.0
127.0.0.1 - - [07/Jun/2023:22:50:06 +0800] "GET /nacos/v1/ns/instance/list?healthyOnly=false&namespaceId=public&clientIP=169.254.31.74&serviceName=DEFAULT_GROUP%40%40service-edu&udpPort=61997&encoding=UTF-8 HTTP/1.1" 200 568 6 Nacos-Java-Client:v1.0.0
169.254.178.150 - - [07/Jun/2023:22:50:08 +0800] "GET /nacos/v1/cs/health HTTP/1.1" 200 2 3 Apache-HttpAsyncClient/4.1.3 (Java/1.8.0_131)
127.0.0.1 - - [07/Jun/2023:22:50:10 +0800] "PUT /nacos/v1/ns/instance/beat?beat=%7B%22cluster%22%3A%22DEFAULT%22%2C%22ip%22%3A%22169.254.178.150%22%2C%22metadata%22%3A%7B%22preserved.register.source%22%3A%22SPRING_CLOUD%22%7D%2C%22port%22%3A8001%2C%22scheduled%22%3Atrue%2C%22serviceName%22%3A%22DEFAULT_GROUP%40%40service-edu%22%2C%22weight%22%3A1.0%7D&serviceName=DEFAULT_GROUP%40%40service-edu&encoding=UTF-8&namespaceId=public HTTP/1.1" 200 38 5 Nacos-Java-Client:v1.0.0
169.254.178.150 - - [07/Jun/2023:22:50:13 +0800] "GET /nacos/v1/cs/health HTTP/1.1" 200 2 5 Apache-HttpAsyncClient/4.1.3 (Java/1.8.0_131)
127.0.0.1 - - [07/Jun/2023:22:50:15 +0800] "PUT /nacos/v1/ns/instance/beat?beat=%7B%22cluster%22%3A%22DEFAULT%22%2C%22ip%22%3A%22169.254.178.150%22%2C%22metadata%22%3A%7B%22preserved.register.source%22%3A%22SPRING_CLOUD%22%7D%2C%22port%22%3A8001%2C%22scheduled%22%3Atrue%2C%22serviceName%22%3A%22DEFAULT_GROUP%40%40service-edu%22%2C%22weight%22%3A1.0%7D&serviceName=DEFAULT_GROUP%40%40service-edu&encoding=UTF-8&namespaceId=public HTTP/1.1" 200 38 6 Nacos-Java-Client:v1.0.0
127.0.0.1 - - [07/Jun/2023:22:50:16 +0800] "GET /nacos/v1/ns/instance/list?healthyOnly=false&namespaceId=public&clientIP=169.254.31.74&serviceName=DEFAULT_GROUP%40%40service-edu&udpPort=61997&encoding=UTF-8 HTTP/1.1" 200 568 4 Nacos-Java-Client:v1.0.0
169.254.178.150 - - [07/Jun/2023:22:50:18 +0800] "GET /nacos/v1/cs/health HTTP/1.1" 200 2 4 Apache-HttpAsyncClient/4.1.3 (Java/1.8.0_131)
169.254.178.150 - - [07/Jun/2023:22:50:23 +0800] "GET /nacos/v1/cs/health HTTP/1.1" 200 2 4 Apache-HttpAsyncClient/4.1.3 (Java/1.8.0_131)
169.254.178.150 - - [07/Jun/2023:22:50:28 +0800] "GET /nacos/v1/cs/health HTTP/1.1" 200 2 6 Apache-HttpAsyncClient/4.1.3 (Java/1.8.0_131)
127.0.0.1 - - [07/Jun/2023:22:50:31 +0800] "GET /nacos/v1/ns/service/list?pageSize=2147483647&groupName=DEFAULT_GROUP&encoding=UTF-8&namespaceId=public&pageNo=1 HTTP/1.1" 200 45 3 Nacos-Java-Client:v1.0.0
127.0.0.1 - - [07/Jun/2023:22:50:31 +0800] "GET /nacos/v1/ns/instance/list?healthyOnly=false&namespaceId=public&clientIP=169.254.31.74&serviceName=DEFAULT_GROUP%40%40service-edu&udpPort=53720&encoding=UTF-8 HTTP/1.1" 200 568 3 Nacos-Java-Client:v1.0.0
127.0.0.1 - - [07/Jun/2023:22:50:31 +0800] "POST /nacos/v1/ns/instance?groupName=DEFAULT_GROUP&metadata=%7B%22preserved.register.source%22%3A%22SPRING_CLOUD%22%7D&namespaceId=public&port=8003&enable=true&healthy=true&clusterName=DEFAULT&ip=169.254.178.150&weight=1.0&ephemeral=true&serviceName=DEFAULT_GROUP%40%40service-vod&encoding=UTF-8 HTTP/1.1" 200 2 7 Nacos-Java-Client:v1.0.0
127.0.0.1 - - [07/Jun/2023:22:50:32 +0800] "GET /nacos/v1/ns/instance/list?healthyOnly=false&namespaceId=public&clientIP=169.254.31.74&serviceName=DEFAULT_GROUP%40%40service-edu&udpPort=53720&encoding=UTF-8 HTTP/1.1" 200 568 4 Nacos-Java-Client:v1.0.0
169.254.178.150 - - [07/Jun/2023:22:50:33 +0800] "GET /nacos/v1/cs/health HTTP/1.1" 200 2 2 Apache-HttpAsyncClient/4.1.3 (Java/1.8.0_131)
127.0.0.1 - - [07/Jun/2023:22:50:36 +0800] "PUT /nacos/v1/ns/instance/beat?beat=%7B%22cluster%22%3A%22DEFAULT%22%2C%22ip%22%3A%22169.254.178.150%22%2C%22metadata%22%3A%7B%22preserved.register.source%22%3A%22SPRING_CLOUD%22%7D%2C%22port%22%3A8003%2C%22scheduled%22%3Atrue%2C%22serviceName%22%3A%22DEFAULT_GROUP%40%40service-vod%22%2C%22weight%22%3A1.0%7D&serviceName=DEFAULT_GROUP%40%40service-vod&encoding=UTF-8&namespaceId=public HTTP/1.1" 200 38 4 Nacos-Java-Client:v1.0.0
169.254.178.150 - - [07/Jun/2023:22:50:38 +0800] "GET /nacos/v1/cs/health HTTP/1.1" 200 2 3 Apache-HttpAsyncClient/4.1.3 (Java/1.8.0_131)
127.0.0.1 - - [07/Jun/2023:22:50:39 +0800] "GET /nacos/v1/ns/service/list?pageSize=2147483647&groupName=DEFAULT_GROUP&encoding=UTF-8&namespaceId=public&pageNo=1 HTTP/1.1" 200 59 4 Nacos-Java-Client:v1.0.0
127.0.0.1 - - [07/Jun/2023:22:50:39 +0800] "GET /nacos/v1/ns/instance/list?healthyOnly=false&namespaceId=public&clientIP=169.254.31.74&serviceName=DEFAULT_GROUP%40%40service-edu&udpPort=50932&encoding=UTF-8 HTTP/1.1" 200 568 4 Nacos-Java-Client:v1.0.0
127.0.0.1 - - [07/Jun/2023:22:50:39 +0800] "GET /nacos/v1/ns/instance/list?healthyOnly=false&namespaceId=public&clientIP=169.254.31.74&serviceName=DEFAULT_GROUP%40%40service-vod&udpPort=50932&encoding=UTF-8 HTTP/1.1" 200 568 3 Nacos-Java-Client:v1.0.0
127.0.0.1 - - [07/Jun/2023:22:50:39 +0800] "POST /nacos/v1/ns/instance?groupName=DEFAULT_GROUP&metadata=%7B%22preserved.register.source%22%3A%22SPRING_CLOUD%22%7D&namespaceId=public&port=8001&enable=true&healthy=true&clusterName=DEFAULT&ip=169.254.178.150&weight=1.0&ephemeral=true&serviceName=DEFAULT_GROUP%40%40service-edu&encoding=UTF-8 HTTP/1.1" 200 2 3 Nacos-Java-Client:v1.0.0
127.0.0.1 - - [07/Jun/2023:22:50:40 +0800] "GET /nacos/v1/ns/instance/list?healthyOnly=false&namespaceId=public&clientIP=169.254.31.74&serviceName=DEFAULT_GROUP%40%40service-vod&udpPort=50932&encoding=UTF-8 HTTP/1.1" 200 568 3 Nacos-Java-Client:v1.0.0
127.0.0.1 - - [07/Jun/2023:22:50:40 +0800] "GET /nacos/v1/ns/instance/list?healthyOnly=false&namespaceId=public&clientIP=169.254.31.74&serviceName=DEFAULT_GROUP%40%40service-edu&udpPort=50932&encoding=UTF-8 HTTP/1.1" 200 568 4 Nacos-Java-Client:v1.0.0
127.0.0.1 - - [07/Jun/2023:22:50:41 +0800] "PUT /nacos/v1/ns/instance/beat?beat=%7B%22cluster%22%3A%22DEFAULT%22%2C%22ip%22%3A%22169.254.178.150%22%2C%22metadata%22%3A%7B%22preserved.register.source%22%3A%22SPRING_CLOUD%22%7D%2C%22port%22%3A8001%2C%22scheduled%22%3Atrue%2C%22serviceName%22%3A%22DEFAULT_GROUP%40%40service-edu%22%2C%22weight%22%3A1.0%7D&serviceName=DEFAULT_GROUP%40%40service-edu&encoding=UTF-8&namespaceId=public HTTP/1.1" 200 38 4 Nacos-Java-Client:v1.0.0
0:0:0:0:0:0:0:1 - - [07/Jun/2023:22:50:41 +0800] "GET /nacos/ HTTP/1.1" 304 - 61 Mozilla/5.0 (Windows NT 10.0; Win64; x64) AppleWebKit/537.36 (KHTML, like Gecko) Chrome/114.0.0.0 Safari/537.36
0:0:0:0:0:0:0:1 - - [07/Jun/2023:22:50:41 +0800] "GET /nacos/v1/console/server/state HTTP/1.1" 200 82 12 Mozilla/5.0 (Windows NT 10.0; Win64; x64) AppleWebKit/537.36 (KHTML, like Gecko) Chrome/114.0.0.0 Safari/537.36
127.0.0.1 - - [07/Jun/2023:22:50:41 +0800] "PUT /nacos/v1/ns/instance/beat?beat=%7B%22cluster%22%3A%22DEFAULT%22%2C%22ip%22%3A%22169.254.178.150%22%2C%22metadata%22%3A%7B%22preserved.register.source%22%3A%22SPRING_CLOUD%22%7D%2C%22port%22%3A8003%2C%22scheduled%22%3Atrue%2C%22serviceName%22%3A%22DEFAULT_GROUP%40%40service-vod%22%2C%22weight%22%3A1.0%7D&serviceName=DEFAULT_GROUP%40%40service-vod&encoding=UTF-8&namespaceId=public HTTP/1.1" 200 38 5 Nacos-Java-Client:v1.0.0
0:0:0:0:0:0:0:1 - - [07/Jun/2023:22:50:41 +0800] "GET /nacos/v1/console/namespaces?namespaceId= HTTP/1.1" 401 154 422 Mozilla/5.0 (Windows NT 10.0; Win64; x64) AppleWebKit/537.36 (KHTML, like Gecko) Chrome/114.0.0.0 Safari/537.36
0:0:0:0:0:0:0:1 - - [07/Jun/2023:22:50:42 +0800] "GET /nacos/v1/ns/catalog/services?hasIpCount=true&withInstances=false&pageNo=1&pageSize=10&serviceNameParam=&groupNameParam=&namespaceId= HTTP/1.1" 200 293 94 Mozilla/5.0 (Windows NT 10.0; Win64; x64) AppleWebKit/537.36 (KHTML, like Gecko) Chrome/114.0.0.0 Safari/537.36
127.0.0.1 - - [07/Jun/2023:22:50:42 +0800] "GET /nacos/v1/ns/instance/list?healthyOnly=false&namespaceId=public&clientIP=169.254.31.74&serviceName=DEFAULT_GROUP%40%40service-edu&udpPort=53720&encoding=UTF-8 HTTP/1.1" 200 568 4 Nacos-Java-Client:v1.0.0
169.254.178.150 - - [07/Jun/2023:22:50:43 +0800] "GET /nacos/v1/cs/health HTTP/1.1" 200 2 3 Apache-HttpAsyncClient/4.1.3 (Java/1.8.0_131)
0:0:0:0:0:0:0:1 - - [07/Jun/2023:22:50:43 +0800] "POST /nacos/v1/auth/login HTTP/1.1" 200 176 350 Mozilla/5.0 (Windows NT 10.0; Win64; x64) AppleWebKit/537.36 (KHTML, like Gecko) Chrome/114.0.0.0 Safari/537.36
0:0:0:0:0:0:0:1 - - [07/Jun/2023:22:50:43 +0800] "GET /nacos/v1/console/server/state HTTP/1.1" 200 82 5 Mozilla/5.0 (Windows NT 10.0; Win64; x64) AppleWebKit/537.36 (KHTML, like Gecko) Chrome/114.0.0.0 Safari/537.36
0:0:0:0:0:0:0:1 - - [07/Jun/2023:22:50:43 +0800] "GET /nacos/v1/console/namespaces?namespaceId= HTTP/1.1" 200 130 40 Mozilla/5.0 (Windows NT 10.0; Win64; x64) AppleWebKit/537.36 (KHTML, like Gecko) Chrome/114.0.0.0 Safari/537.36
0:0:0:0:0:0:0:1 - - [07/Jun/2023:22:50:43 +0800] "GET /nacos/v1/cs/configs?search=accurate&dataId=&group=&appName=&config_tags=&pageNo=1&pageSize=10&tenant=&namespaceId= HTTP/1.1" 200 - 65 Mozilla/5.0 (Windows NT 10.0; Win64; x64) AppleWebKit/537.36 (KHTML, like Gecko) Chrome/114.0.0.0 Safari/537.36
0:0:0:0:0:0:0:1 - - [07/Jun/2023:22:50:45 +0800] "GET /nacos/v1/ns/catalog/services?hasIpCount=true&withInstances=false&pageNo=1&pageSize=10&serviceNameParam=&groupNameParam=&namespaceId= HTTP/1.1" 200 293 6 Mozilla/5.0 (Windows NT 10.0; Win64; x64) AppleWebKit/537.36 (KHTML, like Gecko) Chrome/114.0.0.0 Safari/537.36
127.0.0.1 - - [07/Jun/2023:22:50:46 +0800] "PUT /nacos/v1/ns/instance/beat?beat=%7B%22cluster%22%3A%22DEFAULT%22%2C%22ip%22%3A%22169.254.178.150%22%2C%22metadata%22%3A%7B%22preserved.register.source%22%3A%22SPRING_CLOUD%22%7D%2C%22port%22%3A8001%2C%22scheduled%22%3Atrue%2C%22serviceName%22%3A%22DEFAULT_GROUP%40%40service-edu%22%2C%22weight%22%3A1.0%7D&serviceName=DEFAULT_GROUP%40%40service-edu&encoding=UTF-8&namespaceId=public HTTP/1.1" 200 38 4 Nacos-Java-Client:v1.0.0
127.0.0.1 - - [07/Jun/2023:22:50:46 +0800] "PUT /nacos/v1/ns/instance/beat?beat=%7B%22cluster%22%3A%22DEFAULT%22%2C%22ip%22%3A%22169.254.178.150%22%2C%22metadata%22%3A%7B%22preserved.register.source%22%3A%22SPRING_CLOUD%22%7D%2C%22port%22%3A8003%2C%22scheduled%22%3Atrue%2C%22serviceName%22%3A%22DEFAULT_GROUP%40%40service-vod%22%2C%22weight%22%3A1.0%7D&serviceName=DEFAULT_GROUP%40%40service-vod&encoding=UTF-8&namespaceId=public HTTP/1.1" 200 38 13 Nacos-Java-Client:v1.0.0
169.254.178.150 - - [07/Jun/2023:22:50:48 +0800] "GET /nacos/v1/cs/health HTTP/1.1" 200 2 7 Apache-HttpAsyncClient/4.1.3 (Java/1.8.0_131)
127.0.0.1 - - [07/Jun/2023:22:50:50 +0800] "GET /nacos/v1/ns/instance/list?healthyOnly=false&namespaceId=public&clientIP=169.254.31.74&serviceName=DEFAULT_GROUP%40%40service-edu&udpPort=50932&encoding=UTF-8 HTTP/1.1" 200 568 4 Nacos-Java-Client:v1.0.0
127.0.0.1 - - [07/Jun/2023:22:50:50 +0800] "GET /nacos/v1/ns/instance/list?healthyOnly=false&namespaceId=public&clientIP=169.254.31.74&serviceName=DEFAULT_GROUP%40%40service-vod&udpPort=50932&encoding=UTF-8 HTTP/1.1" 200 568 5 Nacos-Java-Client:v1.0.0
127.0.0.1 - - [07/Jun/2023:22:50:51 +0800] "PUT /nacos/v1/ns/instance/beat?beat=%7B%22cluster%22%3A%22DEFAULT%22%2C%22ip%22%3A%22169.254.178.150%22%2C%22metadata%22%3A%7B%22preserved.register.source%22%3A%22SPRING_CLOUD%22%7D%2C%22port%22%3A8001%2C%22scheduled%22%3Atrue%2C%22serviceName%22%3A%22DEFAULT_GROUP%40%40service-edu%22%2C%22weight%22%3A1.0%7D&serviceName=DEFAULT_GROUP%40%40service-edu&encoding=UTF-8&namespaceId=public HTTP/1.1" 200 38 5 Nacos-Java-Client:v1.0.0
127.0.0.1 - - [07/Jun/2023:22:50:51 +0800] "PUT /nacos/v1/ns/instance/beat?beat=%7B%22cluster%22%3A%22DEFAULT%22%2C%22ip%22%3A%22169.254.178.150%22%2C%22metadata%22%3A%7B%22preserved.register.source%22%3A%22SPRING_CLOUD%22%7D%2C%22port%22%3A8003%2C%22scheduled%22%3Atrue%2C%22serviceName%22%3A%22DEFAULT_GROUP%40%40service-vod%22%2C%22weight%22%3A1.0%7D&serviceName=DEFAULT_GROUP%40%40service-vod&encoding=UTF-8&namespaceId=public HTTP/1.1" 200 38 3 Nacos-Java-Client:v1.0.0
127.0.0.1 - - [07/Jun/2023:22:50:52 +0800] "GET /nacos/v1/ns/instance/list?healthyOnly=false&namespaceId=public&clientIP=169.254.31.74&serviceName=DEFAULT_GROUP%40%40service-edu&udpPort=53720&encoding=UTF-8 HTTP/1.1" 200 568 8 Nacos-Java-Client:v1.0.0
169.254.178.150 - - [07/Jun/2023:22:50:53 +0800] "GET /nacos/v1/cs/health HTTP/1.1" 200 2 2 Apache-HttpAsyncClient/4.1.3 (Java/1.8.0_131)
127.0.0.1 - - [07/Jun/2023:22:50:56 +0800] "PUT /nacos/v1/ns/instance/beat?beat=%7B%22cluster%22%3A%22DEFAULT%22%2C%22ip%22%3A%22169.254.178.150%22%2C%22metadata%22%3A%7B%22preserved.register.source%22%3A%22SPRING_CLOUD%22%7D%2C%22port%22%3A8001%2C%22scheduled%22%3Atrue%2C%22serviceName%22%3A%22DEFAULT_GROUP%40%40service-edu%22%2C%22weight%22%3A1.0%7D&serviceName=DEFAULT_GROUP%40%40service-edu&encoding=UTF-8&namespaceId=public HTTP/1.1" 200 38 4 Nacos-Java-Client:v1.0.0
127.0.0.1 - - [07/Jun/2023:22:50:56 +0800] "PUT /nacos/v1/ns/instance/beat?beat=%7B%22cluster%22%3A%22DEFAULT%22%2C%22ip%22%3A%22169.254.178.150%22%2C%22metadata%22%3A%7B%22preserved.register.source%22%3A%22SPRING_CLOUD%22%7D%2C%22port%22%3A8003%2C%22scheduled%22%3Atrue%2C%22serviceName%22%3A%22DEFAULT_GROUP%40%40service-vod%22%2C%22weight%22%3A1.0%7D&serviceName=DEFAULT_GROUP%40%40service-vod&encoding=UTF-8&namespaceId=public HTTP/1.1" 200 38 7 Nacos-Java-Client:v1.0.0
169.254.178.150 - - [07/Jun/2023:22:50:58 +0800] "GET /nacos/v1/cs/health HTTP/1.1" 200 2 10 Apache-HttpAsyncClient/4.1.3 (Java/1.8.0_131)
127.0.0.1 - - [07/Jun/2023:22:51:00 +0800] "GET /nacos/v1/ns/instance/list?healthyOnly=false&namespaceId=public&clientIP=169.254.31.74&serviceName=DEFAULT_GROUP%40%40service-vod&udpPort=50932&encoding=UTF-8 HTTP/1.1" 200 568 7 Nacos-Java-Client:v1.0.0
127.0.0.1 - - [07/Jun/2023:22:51:00 +0800] "GET /nacos/v1/ns/instance/list?healthyOnly=false&namespaceId=public&clientIP=169.254.31.74&serviceName=DEFAULT_GROUP%40%40service-edu&udpPort=50932&encoding=UTF-8 HTTP/1.1" 200 568 8 Nacos-Java-Client:v1.0.0
127.0.0.1 - - [07/Jun/2023:22:51:01 +0800] "PUT /nacos/v1/ns/instance/beat?beat=%7B%22cluster%22%3A%22DEFAULT%22%2C%22ip%22%3A%22169.254.178.150%22%2C%22metadata%22%3A%7B%22preserved.register.source%22%3A%22SPRING_CLOUD%22%7D%2C%22port%22%3A8001%2C%22scheduled%22%3Atrue%2C%22serviceName%22%3A%22DEFAULT_GROUP%40%40service-edu%22%2C%22weight%22%3A1.0%7D&serviceName=DEFAULT_GROUP%40%40service-edu&encoding=UTF-8&namespaceId=public HTTP/1.1" 200 38 6 Nacos-Java-Client:v1.0.0
127.0.0.1 - - [07/Jun/2023:22:51:01 +0800] "GET /nacos/v1/ns/service/list?pageSize=2147483647&groupName=DEFAULT_GROUP&encoding=UTF-8&namespaceId=public&pageNo=1 HTTP/1.1" 200 59 7 Nacos-Java-Client:v1.0.0
127.0.0.1 - - [07/Jun/2023:22:51:01 +0800] "PUT /nacos/v1/ns/instance/beat?beat=%7B%22cluster%22%3A%22DEFAULT%22%2C%22ip%22%3A%22169.254.178.150%22%2C%22metadata%22%3A%7B%22preserved.register.source%22%3A%22SPRING_CLOUD%22%7D%2C%22port%22%3A8003%2C%22scheduled%22%3Atrue%2C%22serviceName%22%3A%22DEFAULT_GROUP%40%40service-vod%22%2C%22weight%22%3A1.0%7D&serviceName=DEFAULT_GROUP%40%40service-vod&encoding=UTF-8&namespaceId=public HTTP/1.1" 200 38 9 Nacos-Java-Client:v1.0.0
127.0.0.1 - - [07/Jun/2023:22:51:01 +0800] "GET /nacos/v1/ns/instance/list?healthyOnly=false&namespaceId=public&clientIP=169.254.31.74&serviceName=DEFAULT_GROUP%40%40service-vod&udpPort=53720&encoding=UTF-8 HTTP/1.1" 200 568 8 Nacos-Java-Client:v1.0.0
127.0.0.1 - - [07/Jun/2023:22:51:02 +0800] "GET /nacos/v1/ns/instance/list?healthyOnly=false&namespaceId=public&clientIP=169.254.31.74&serviceName=DEFAULT_GROUP%40%40service-vod&udpPort=53720&encoding=UTF-8 HTTP/1.1" 200 568 7 Nacos-Java-Client:v1.0.0
127.0.0.1 - - [07/Jun/2023:22:51:02 +0800] "GET /nacos/v1/ns/instance/list?healthyOnly=false&namespaceId=public&clientIP=169.254.31.74&serviceName=DEFAULT_GROUP%40%40service-edu&udpPort=53720&encoding=UTF-8 HTTP/1.1" 200 568 6 Nacos-Java-Client:v1.0.0
169.254.178.150 - - [07/Jun/2023:22:51:03 +0800] "GET /nacos/v1/cs/health HTTP/1.1" 200 2 6 Apache-HttpAsyncClient/4.1.3 (Java/1.8.0_131)
127.0.0.1 - - [07/Jun/2023:22:51:06 +0800] "PUT /nacos/v1/ns/instance/beat?beat=%7B%22cluster%22%3A%22DEFAULT%22%2C%22ip%22%3A%22169.254.178.150%22%2C%22metadata%22%3A%7B%22preserved.register.source%22%3A%22SPRING_CLOUD%22%7D%2C%22port%22%3A8001%2C%22scheduled%22%3Atrue%2C%22serviceName%22%3A%22DEFAULT_GROUP%40%40service-edu%22%2C%22weight%22%3A1.0%7D&serviceName=DEFAULT_GROUP%40%40service-edu&encoding=UTF-8&namespaceId=public HTTP/1.1" 200 38 7 Nacos-Java-Client:v1.0.0
127.0.0.1 - - [07/Jun/2023:22:51:06 +0800] "PUT /nacos/v1/ns/instance/beat?beat=%7B%22cluster%22%3A%22DEFAULT%22%2C%22ip%22%3A%22169.254.178.150%22%2C%22metadata%22%3A%7B%22preserved.register.source%22%3A%22SPRING_CLOUD%22%7D%2C%22port%22%3A8003%2C%22scheduled%22%3Atrue%2C%22serviceName%22%3A%22DEFAULT_GROUP%40%40service-vod%22%2C%22weight%22%3A1.0%7D&serviceName=DEFAULT_GROUP%40%40service-vod&encoding=UTF-8&namespaceId=public HTTP/1.1" 200 38 11 Nacos-Java-Client:v1.0.0
169.254.178.150 - - [07/Jun/2023:22:51:08 +0800] "GET /nacos/v1/cs/health HTTP/1.1" 200 2 5 Apache-HttpAsyncClient/4.1.3 (Java/1.8.0_131)
127.0.0.1 - - [07/Jun/2023:22:51:09 +0800] "GET /nacos/v1/ns/service/list?pageSize=2147483647&groupName=DEFAULT_GROUP&encoding=UTF-8&namespaceId=public&pageNo=1 HTTP/1.1" 200 59 11 Nacos-Java-Client:v1.0.0
127.0.0.1 - - [07/Jun/2023:22:51:10 +0800] "GET /nacos/v1/ns/instance/list?healthyOnly=false&namespaceId=public&clientIP=169.254.31.74&serviceName=DEFAULT_GROUP%40%40service-vod&udpPort=50932&encoding=UTF-8 HTTP/1.1" 200 568 12 Nacos-Java-Client:v1.0.0
127.0.0.1 - - [07/Jun/2023:22:51:10 +0800] "GET /nacos/v1/ns/instance/list?healthyOnly=false&namespaceId=public&clientIP=169.254.31.74&serviceName=DEFAULT_GROUP%40%40service-edu&udpPort=50932&encoding=UTF-8 HTTP/1.1" 200 568 12 Nacos-Java-Client:v1.0.0
127.0.0.1 - - [07/Jun/2023:22:51:11 +0800] "PUT /nacos/v1/ns/instance/beat?beat=%7B%22cluster%22%3A%22DEFAULT%22%2C%22ip%22%3A%22169.254.178.150%22%2C%22metadata%22%3A%7B%22preserved.register.source%22%3A%22SPRING_CLOUD%22%7D%2C%22port%22%3A8001%2C%22scheduled%22%3Atrue%2C%22serviceName%22%3A%22DEFAULT_GROUP%40%40service-edu%22%2C%22weight%22%3A1.0%7D&serviceName=DEFAULT_GROUP%40%40service-edu&encoding=UTF-8&namespaceId=public HTTP/1.1" 200 38 7 Nacos-Java-Client:v1.0.0
127.0.0.1 - - [07/Jun/2023:22:51:11 +0800] "PUT /nacos/v1/ns/instance/beat?beat=%7B%22cluster%22%3A%22DEFAULT%22%2C%22ip%22%3A%22169.254.178.150%22%2C%22metadata%22%3A%7B%22preserved.register.source%22%3A%22SPRING_CLOUD%22%7D%2C%22port%22%3A8003%2C%22scheduled%22%3Atrue%2C%22serviceName%22%3A%22DEFAULT_GROUP%40%40service-vod%22%2C%22weight%22%3A1.0%7D&serviceName=DEFAULT_GROUP%40%40service-vod&encoding=UTF-8&namespaceId=public HTTP/1.1" 200 38 7 Nacos-Java-Client:v1.0.0
127.0.0.1 - - [07/Jun/2023:22:51:12 +0800] "GET /nacos/v1/ns/instance/list?healthyOnly=false&namespaceId=public&clientIP=169.254.31.74&serviceName=DEFAULT_GROUP%40%40service-vod&udpPort=53720&encoding=UTF-8 HTTP/1.1" 200 568 3 Nacos-Java-Client:v1.0.0
127.0.0.1 - - [07/Jun/2023:22:51:12 +0800] "GET /nacos/v1/ns/instance/list?healthyOnly=false&namespaceId=public&clientIP=169.254.31.74&serviceName=DEFAULT_GROUP%40%40service-edu&udpPort=53720&encoding=UTF-8 HTTP/1.1" 200 568 2 Nacos-Java-Client:v1.0.0
169.254.178.150 - - [07/Jun/2023:22:51:13 +0800] "GET /nacos/v1/cs/health HTTP/1.1" 200 2 6 Apache-HttpAsyncClient/4.1.3 (Java/1.8.0_131)
127.0.0.1 - - [07/Jun/2023:22:51:16 +0800] "PUT /nacos/v1/ns/instance/beat?beat=%7B%22cluster%22%3A%22DEFAULT%22%2C%22ip%22%3A%22169.254.178.150%22%2C%22metadata%22%3A%7B%22preserved.register.source%22%3A%22SPRING_CLOUD%22%7D%2C%22port%22%3A8001%2C%22scheduled%22%3Atrue%2C%22serviceName%22%3A%22DEFAULT_GROUP%40%40service-edu%22%2C%22weight%22%3A1.0%7D&serviceName=DEFAULT_GROUP%40%40service-edu&encoding=UTF-8&namespaceId=public HTTP/1.1" 200 38 6 Nacos-Java-Client:v1.0.0
127.0.0.1 - - [07/Jun/2023:22:51:16 +0800] "PUT /nacos/v1/ns/instance/beat?beat=%7B%22cluster%22%3A%22DEFAULT%22%2C%22ip%22%3A%22169.254.178.150%22%2C%22metadata%22%3A%7B%22preserved.register.source%22%3A%22SPRING_CLOUD%22%7D%2C%22port%22%3A8003%2C%22scheduled%22%3Atrue%2C%22serviceName%22%3A%22DEFAULT_GROUP%40%40service-vod%22%2C%22weight%22%3A1.0%7D&serviceName=DEFAULT_GROUP%40%40service-vod&encoding=UTF-8&namespaceId=public HTTP/1.1" 200 38 6 Nacos-Java-Client:v1.0.0
169.254.178.150 - - [07/Jun/2023:22:51:18 +0800] "GET /nacos/v1/cs/health HTTP/1.1" 200 2 5 Apache-HttpAsyncClient/4.1.3 (Java/1.8.0_131)
127.0.0.1 - - [07/Jun/2023:22:51:20 +0800] "GET /nacos/v1/ns/instance/list?healthyOnly=false&namespaceId=public&clientIP=169.254.31.74&serviceName=DEFAULT_GROUP%40%40service-vod&udpPort=50932&encoding=UTF-8 HTTP/1.1" 200 568 3 Nacos-Java-Client:v1.0.0
127.0.0.1 - - [07/Jun/2023:22:51:20 +0800] "GET /nacos/v1/ns/instance/list?healthyOnly=false&namespaceId=public&clientIP=169.254.31.74&serviceName=DEFAULT_GROUP%40%40service-edu&udpPort=50932&encoding=UTF-8 HTTP/1.1" 200 568 2 Nacos-Java-Client:v1.0.0
127.0.0.1 - - [07/Jun/2023:22:51:21 +0800] "PUT /nacos/v1/ns/instance/beat?beat=%7B%22cluster%22%3A%22DEFAULT%22%2C%22ip%22%3A%22169.254.178.150%22%2C%22metadata%22%3A%7B%22preserved.register.source%22%3A%22SPRING_CLOUD%22%7D%2C%22port%22%3A8001%2C%22scheduled%22%3Atrue%2C%22serviceName%22%3A%22DEFAULT_GROUP%40%40service-edu%22%2C%22weight%22%3A1.0%7D&serviceName=DEFAULT_GROUP%40%40service-edu&encoding=UTF-8&namespaceId=public HTTP/1.1" 200 38 8 Nacos-Java-Client:v1.0.0
127.0.0.1 - - [07/Jun/2023:22:51:21 +0800] "PUT /nacos/v1/ns/instance/beat?beat=%7B%22cluster%22%3A%22DEFAULT%22%2C%22ip%22%3A%22169.254.178.150%22%2C%22metadata%22%3A%7B%22preserved.register.source%22%3A%22SPRING_CLOUD%22%7D%2C%22port%22%3A8003%2C%22scheduled%22%3Atrue%2C%22serviceName%22%3A%22DEFAULT_GROUP%40%40service-vod%22%2C%22weight%22%3A1.0%7D&serviceName=DEFAULT_GROUP%40%40service-vod&encoding=UTF-8&namespaceId=public HTTP/1.1" 200 38 6 Nacos-Java-Client:v1.0.0
127.0.0.1 - - [07/Jun/2023:22:51:22 +0800] "GET /nacos/v1/ns/instance/list?healthyOnly=false&namespaceId=public&clientIP=169.254.31.74&serviceName=DEFAULT_GROUP%40%40service-vod&udpPort=53720&encoding=UTF-8 HTTP/1.1" 200 568 5 Nacos-Java-Client:v1.0.0
127.0.0.1 - - [07/Jun/2023:22:51:22 +0800] "GET /nacos/v1/ns/instance/list?healthyOnly=false&namespaceId=public&clientIP=169.254.31.74&serviceName=DEFAULT_GROUP%40%40service-edu&udpPort=53720&encoding=UTF-8 HTTP/1.1" 200 568 6 Nacos-Java-Client:v1.0.0
169.254.178.150 - - [07/Jun/2023:22:51:23 +0800] "GET /nacos/v1/cs/health HTTP/1.1" 200 2 2 Apache-HttpAsyncClient/4.1.3 (Java/1.8.0_131)
127.0.0.1 - - [07/Jun/2023:22:51:26 +0800] "PUT /nacos/v1/ns/instance/beat?beat=%7B%22cluster%22%3A%22DEFAULT%22%2C%22ip%22%3A%22169.254.178.150%22%2C%22metadata%22%3A%7B%22preserved.register.source%22%3A%22SPRING_CLOUD%22%7D%2C%22port%22%3A8001%2C%22scheduled%22%3Atrue%2C%22serviceName%22%3A%22DEFAULT_GROUP%40%40service-edu%22%2C%22weight%22%3A1.0%7D&serviceName=DEFAULT_GROUP%40%40service-edu&encoding=UTF-8&namespaceId=public HTTP/1.1" 200 38 7 Nacos-Java-Client:v1.0.0
127.0.0.1 - - [07/Jun/2023:22:51:26 +0800] "PUT /nacos/v1/ns/instance/beat?beat=%7B%22cluster%22%3A%22DEFAULT%22%2C%22ip%22%3A%22169.254.178.150%22%2C%22metadata%22%3A%7B%22preserved.register.source%22%3A%22SPRING_CLOUD%22%7D%2C%22port%22%3A8003%2C%22scheduled%22%3Atrue%2C%22serviceName%22%3A%22DEFAULT_GROUP%40%40service-vod%22%2C%22weight%22%3A1.0%7D&serviceName=DEFAULT_GROUP%40%40service-vod&encoding=UTF-8&namespaceId=public HTTP/1.1" 200 38 7 Nacos-Java-Client:v1.0.0
169.254.178.150 - - [07/Jun/2023:22:51:28 +0800] "GET /nacos/v1/cs/health HTTP/1.1" 200 2 11 Apache-HttpAsyncClient/4.1.3 (Java/1.8.0_131)
127.0.0.1 - - [07/Jun/2023:22:51:30 +0800] "GET /nacos/v1/ns/instance/list?healthyOnly=false&namespaceId=public&clientIP=169.254.31.74&serviceName=DEFAULT_GROUP%40%40service-edu&udpPort=50932&encoding=UTF-8 HTTP/1.1" 200 568 8 Nacos-Java-Client:v1.0.0
127.0.0.1 - - [07/Jun/2023:22:51:30 +0800] "GET /nacos/v1/ns/instance/list?healthyOnly=false&namespaceId=public&clientIP=169.254.31.74&serviceName=DEFAULT_GROUP%40%40service-vod&udpPort=50932&encoding=UTF-8 HTTP/1.1" 200 568 6 Nacos-Java-Client:v1.0.0
127.0.0.1 - - [07/Jun/2023:22:51:31 +0800] "PUT /nacos/v1/ns/instance/beat?beat=%7B%22cluster%22%3A%22DEFAULT%22%2C%22ip%22%3A%22169.254.178.150%22%2C%22metadata%22%3A%7B%22preserved.register.source%22%3A%22SPRING_CLOUD%22%7D%2C%22port%22%3A8001%2C%22scheduled%22%3Atrue%2C%22serviceName%22%3A%22DEFAULT_GROUP%40%40service-edu%22%2C%22weight%22%3A1.0%7D&serviceName=DEFAULT_GROUP%40%40service-edu&encoding=UTF-8&namespaceId=public HTTP/1.1" 200 38 6 Nacos-Java-Client:v1.0.0
127.0.0.1 - - [07/Jun/2023:22:51:31 +0800] "GET /nacos/v1/ns/service/list?pageSize=2147483647&groupName=DEFAULT_GROUP&encoding=UTF-8&namespaceId=public&pageNo=1 HTTP/1.1" 200 59 7 Nacos-Java-Client:v1.0.0
127.0.0.1 - - [07/Jun/2023:22:51:31 +0800] "PUT /nacos/v1/ns/instance/beat?beat=%7B%22cluster%22%3A%22DEFAULT%22%2C%22ip%22%3A%22169.254.178.150%22%2C%22metadata%22%3A%7B%22preserved.register.source%22%3A%22SPRING_CLOUD%22%7D%2C%22port%22%3A8003%2C%22scheduled%22%3Atrue%2C%22serviceName%22%3A%22DEFAULT_GROUP%40%40service-vod%22%2C%22weight%22%3A1.0%7D&serviceName=DEFAULT_GROUP%40%40service-vod&encoding=UTF-8&namespaceId=public HTTP/1.1" 200 38 8 Nacos-Java-Client:v1.0.0
127.0.0.1 - - [07/Jun/2023:22:51:32 +0800] "GET /nacos/v1/ns/instance/list?healthyOnly=false&namespaceId=public&clientIP=169.254.31.74&serviceName=DEFAULT_GROUP%40%40service-vod&udpPort=53720&encoding=UTF-8 HTTP/1.1" 200 568 6 Nacos-Java-Client:v1.0.0
127.0.0.1 - - [07/Jun/2023:22:51:32 +0800] "GET /nacos/v1/ns/instance/list?healthyOnly=false&namespaceId=public&clientIP=169.254.31.74&serviceName=DEFAULT_GROUP%40%40service-edu&udpPort=53720&encoding=UTF-8 HTTP/1.1" 200 568 6 Nacos-Java-Client:v1.0.0
169.254.178.150 - - [07/Jun/2023:22:51:33 +0800] "GET /nacos/v1/cs/health HTTP/1.1" 200 2 6 Apache-HttpAsyncClient/4.1.3 (Java/1.8.0_131)
127.0.0.1 - - [07/Jun/2023:22:51:36 +0800] "PUT /nacos/v1/ns/instance/beat?beat=%7B%22cluster%22%3A%22DEFAULT%22%2C%22ip%22%3A%22169.254.178.150%22%2C%22metadata%22%3A%7B%22preserved.register.source%22%3A%22SPRING_CLOUD%22%7D%2C%22port%22%3A8001%2C%22scheduled%22%3Atrue%2C%22serviceName%22%3A%22DEFAULT_GROUP%40%40service-edu%22%2C%22weight%22%3A1.0%7D&serviceName=DEFAULT_GROUP%40%40service-edu&encoding=UTF-8&namespaceId=public HTTP/1.1" 200 38 2 Nacos-Java-Client:v1.0.0
127.0.0.1 - - [07/Jun/2023:22:51:36 +0800] "PUT /nacos/v1/ns/instance/beat?beat=%7B%22cluster%22%3A%22DEFAULT%22%2C%22ip%22%3A%22169.254.178.150%22%2C%22metadata%22%3A%7B%22preserved.register.source%22%3A%22SPRING_CLOUD%22%7D%2C%22port%22%3A8003%2C%22scheduled%22%3Atrue%2C%22serviceName%22%3A%22DEFAULT_GROUP%40%40service-vod%22%2C%22weight%22%3A1.0%7D&serviceName=DEFAULT_GROUP%40%40service-vod&encoding=UTF-8&namespaceId=public HTTP/1.1" 200 38 6 Nacos-Java-Client:v1.0.0
169.254.178.150 - - [07/Jun/2023:22:51:38 +0800] "GET /nacos/v1/cs/health HTTP/1.1" 200 2 7 Apache-HttpAsyncClient/4.1.3 (Java/1.8.0_131)
127.0.0.1 - - [07/Jun/2023:22:51:39 +0800] "GET /nacos/v1/ns/service/list?pageSize=2147483647&groupName=DEFAULT_GROUP&encoding=UTF-8&namespaceId=public&pageNo=1 HTTP/1.1" 200 59 10 Nacos-Java-Client:v1.0.0
127.0.0.1 - - [07/Jun/2023:22:51:40 +0800] "GET /nacos/v1/ns/instance/list?healthyOnly=false&namespaceId=public&clientIP=169.254.31.74&serviceName=DEFAULT_GROUP%40%40service-vod&udpPort=50932&encoding=UTF-8 HTTP/1.1" 200 568 14 Nacos-Java-Client:v1.0.0
127.0.0.1 - - [07/Jun/2023:22:51:40 +0800] "GET /nacos/v1/ns/instance/list?healthyOnly=false&namespaceId=public&clientIP=169.254.31.74&serviceName=DEFAULT_GROUP%40%40service-edu&udpPort=50932&encoding=UTF-8 HTTP/1.1" 200 568 14 Nacos-Java-Client:v1.0.0
127.0.0.1 - - [07/Jun/2023:22:51:41 +0800] "PUT /nacos/v1/ns/instance/beat?beat=%7B%22cluster%22%3A%22DEFAULT%22%2C%22ip%22%3A%22169.254.178.150%22%2C%22metadata%22%3A%7B%22preserved.register.source%22%3A%22SPRING_CLOUD%22%7D%2C%22port%22%3A8001%2C%22scheduled%22%3Atrue%2C%22serviceName%22%3A%22DEFAULT_GROUP%40%40service-edu%22%2C%22weight%22%3A1.0%7D&serviceName=DEFAULT_GROUP%40%40service-edu&encoding=UTF-8&namespaceId=public HTTP/1.1" 200 38 7 Nacos-Java-Client:v1.0.0
127.0.0.1 - - [07/Jun/2023:22:51:41 +0800] "PUT /nacos/v1/ns/instance/beat?beat=%7B%22cluster%22%3A%22DEFAULT%22%2C%22ip%22%3A%22169.254.178.150%22%2C%22metadata%22%3A%7B%22preserved.register.source%22%3A%22SPRING_CLOUD%22%7D%2C%22port%22%3A8003%2C%22scheduled%22%3Atrue%2C%22serviceName%22%3A%22DEFAULT_GROUP%40%40service-vod%22%2C%22weight%22%3A1.0%7D&serviceName=DEFAULT_GROUP%40%40service-vod&encoding=UTF-8&namespaceId=public HTTP/1.1" 200 38 7 Nacos-Java-Client:v1.0.0
127.0.0.1 - - [07/Jun/2023:22:51:42 +0800] "GET /nacos/v1/ns/instance/list?healthyOnly=false&namespaceId=public&clientIP=169.254.31.74&serviceName=DEFAULT_GROUP%40%40service-vod&udpPort=53720&encoding=UTF-8 HTTP/1.1" 200 568 7 Nacos-Java-Client:v1.0.0
127.0.0.1 - - [07/Jun/2023:22:51:42 +0800] "GET /nacos/v1/ns/instance/list?healthyOnly=false&namespaceId=public&clientIP=169.254.31.74&serviceName=DEFAULT_GROUP%40%40service-edu&udpPort=53720&encoding=UTF-8 HTTP/1.1" 200 568 6 Nacos-Java-Client:v1.0.0
169.254.178.150 - - [07/Jun/2023:22:51:43 +0800] "GET /nacos/v1/cs/health HTTP/1.1" 200 2 6 Apache-HttpAsyncClient/4.1.3 (Java/1.8.0_131)
127.0.0.1 - - [07/Jun/2023:22:51:46 +0800] "PUT /nacos/v1/ns/instance/beat?beat=%7B%22cluster%22%3A%22DEFAULT%22%2C%22ip%22%3A%22169.254.178.150%22%2C%22metadata%22%3A%7B%22preserved.register.source%22%3A%22SPRING_CLOUD%22%7D%2C%22port%22%3A8001%2C%22scheduled%22%3Atrue%2C%22serviceName%22%3A%22DEFAULT_GROUP%40%40service-edu%22%2C%22weight%22%3A1.0%7D&serviceName=DEFAULT_GROUP%40%40service-edu&encoding=UTF-8&namespaceId=public HTTP/1.1" 200 38 6 Nacos-Java-Client:v1.0.0
127.0.0.1 - - [07/Jun/2023:22:51:46 +0800] "PUT /nacos/v1/ns/instance/beat?beat=%7B%22cluster%22%3A%22DEFAULT%22%2C%22ip%22%3A%22169.254.178.150%22%2C%22metadata%22%3A%7B%22preserved.register.source%22%3A%22SPRING_CLOUD%22%7D%2C%22port%22%3A8003%2C%22scheduled%22%3Atrue%2C%22serviceName%22%3A%22DEFAULT_GROUP%40%40service-vod%22%2C%22weight%22%3A1.0%7D&serviceName=DEFAULT_GROUP%40%40service-vod&encoding=UTF-8&namespaceId=public HTTP/1.1" 200 38 6 Nacos-Java-Client:v1.0.0
169.254.178.150 - - [07/Jun/2023:22:51:48 +0800] "GET /nacos/v1/cs/health HTTP/1.1" 200 2 5 Apache-HttpAsyncClient/4.1.3 (Java/1.8.0_131)
127.0.0.1 - - [07/Jun/2023:22:51:50 +0800] "GET /nacos/v1/ns/instance/list?healthyOnly=false&namespaceId=public&clientIP=169.254.31.74&serviceName=DEFAULT_GROUP%40%40service-edu&udpPort=50932&encoding=UTF-8 HTTP/1.1" 200 568 6 Nacos-Java-Client:v1.0.0
127.0.0.1 - - [07/Jun/2023:22:51:50 +0800] "GET /nacos/v1/ns/instance/list?healthyOnly=false&namespaceId=public&clientIP=169.254.31.74&serviceName=DEFAULT_GROUP%40%40service-vod&udpPort=50932&encoding=UTF-8 HTTP/1.1" 200 568 6 Nacos-Java-Client:v1.0.0
127.0.0.1 - - [07/Jun/2023:22:51:51 +0800] "PUT /nacos/v1/ns/instance/beat?beat=%7B%22cluster%22%3A%22DEFAULT%22%2C%22ip%22%3A%22169.254.178.150%22%2C%22metadata%22%3A%7B%22preserved.register.source%22%3A%22SPRING_CLOUD%22%7D%2C%22port%22%3A8001%2C%22scheduled%22%3Atrue%2C%22serviceName%22%3A%22DEFAULT_GROUP%40%40service-edu%22%2C%22weight%22%3A1.0%7D&serviceName=DEFAULT_GROUP%40%40service-edu&encoding=UTF-8&namespaceId=public HTTP/1.1" 200 38 7 Nacos-Java-Client:v1.0.0
127.0.0.1 - - [07/Jun/2023:22:51:51 +0800] "PUT /nacos/v1/ns/instance/beat?beat=%7B%22cluster%22%3A%22DEFAULT%22%2C%22ip%22%3A%22169.254.178.150%22%2C%22metadata%22%3A%7B%22preserved.register.source%22%3A%22SPRING_CLOUD%22%7D%2C%22port%22%3A8003%2C%22scheduled%22%3Atrue%2C%22serviceName%22%3A%22DEFAULT_GROUP%40%40service-vod%22%2C%22weight%22%3A1.0%7D&serviceName=DEFAULT_GROUP%40%40service-vod&encoding=UTF-8&namespaceId=public HTTP/1.1" 200 38 2 Nacos-Java-Client:v1.0.0
127.0.0.1 - - [07/Jun/2023:22:51:52 +0800] "GET /nacos/v1/ns/instance/list?healthyOnly=false&namespaceId=public&clientIP=169.254.31.74&serviceName=DEFAULT_GROUP%40%40service-vod&udpPort=53720&encoding=UTF-8 HTTP/1.1" 200 568 6 Nacos-Java-Client:v1.0.0
127.0.0.1 - - [07/Jun/2023:22:51:52 +0800] "GET /nacos/v1/ns/instance/list?healthyOnly=false&namespaceId=public&clientIP=169.254.31.74&serviceName=DEFAULT_GROUP%40%40service-edu&udpPort=53720&encoding=UTF-8 HTTP/1.1" 200 568 6 Nacos-Java-Client:v1.0.0
169.254.178.150 - - [07/Jun/2023:22:51:53 +0800] "GET /nacos/v1/cs/health HTTP/1.1" 200 2 6 Apache-HttpAsyncClient/4.1.3 (Java/1.8.0_131)
127.0.0.1 - - [07/Jun/2023:22:51:56 +0800] "PUT /nacos/v1/ns/instance/beat?beat=%7B%22cluster%22%3A%22DEFAULT%22%2C%22ip%22%3A%22169.254.178.150%22%2C%22metadata%22%3A%7B%22preserved.register.source%22%3A%22SPRING_CLOUD%22%7D%2C%22port%22%3A8001%2C%22scheduled%22%3Atrue%2C%22serviceName%22%3A%22DEFAULT_GROUP%40%40service-edu%22%2C%22weight%22%3A1.0%7D&serviceName=DEFAULT_GROUP%40%40service-edu&encoding=UTF-8&namespaceId=public HTTP/1.1" 200 38 8 Nacos-Java-Client:v1.0.0
127.0.0.1 - - [07/Jun/2023:22:51:56 +0800] "PUT /nacos/v1/ns/instance/beat?beat=%7B%22cluster%22%3A%22DEFAULT%22%2C%22ip%22%3A%22169.254.178.150%22%2C%22metadata%22%3A%7B%22preserved.register.source%22%3A%22SPRING_CLOUD%22%7D%2C%22port%22%3A8003%2C%22scheduled%22%3Atrue%2C%22serviceName%22%3A%22DEFAULT_GROUP%40%40service-vod%22%2C%22weight%22%3A1.0%7D&serviceName=DEFAULT_GROUP%40%40service-vod&encoding=UTF-8&namespaceId=public HTTP/1.1" 200 38 7 Nacos-Java-Client:v1.0.0
169.254.178.150 - - [07/Jun/2023:22:51:58 +0800] "GET /nacos/v1/cs/health HTTP/1.1" 200 2 8 Apache-HttpAsyncClient/4.1.3 (Java/1.8.0_131)
127.0.0.1 - - [07/Jun/2023:22:52:00 +0800] "GET /nacos/v1/ns/instance/list?healthyOnly=false&namespaceId=public&clientIP=169.254.31.74&serviceName=DEFAULT_GROUP%40%40service-vod&udpPort=50932&encoding=UTF-8 HTTP/1.1" 200 568 6 Nacos-Java-Client:v1.0.0
127.0.0.1 - - [07/Jun/2023:22:52:00 +0800] "GET /nacos/v1/ns/instance/list?healthyOnly=false&namespaceId=public&clientIP=169.254.31.74&serviceName=DEFAULT_GROUP%40%40service-edu&udpPort=50932&encoding=UTF-8 HTTP/1.1" 200 568 8 Nacos-Java-Client:v1.0.0
127.0.0.1 - - [07/Jun/2023:22:52:01 +0800] "PUT /nacos/v1/ns/instance/beat?beat=%7B%22cluster%22%3A%22DEFAULT%22%2C%22ip%22%3A%22169.254.178.150%22%2C%22metadata%22%3A%7B%22preserved.register.source%22%3A%22SPRING_CLOUD%22%7D%2C%22port%22%3A8001%2C%22scheduled%22%3Atrue%2C%22serviceName%22%3A%22DEFAULT_GROUP%40%40service-edu%22%2C%22weight%22%3A1.0%7D&serviceName=DEFAULT_GROUP%40%40service-edu&encoding=UTF-8&namespaceId=public HTTP/1.1" 200 38 2 Nacos-Java-Client:v1.0.0
127.0.0.1 - - [07/Jun/2023:22:52:01 +0800] "GET /nacos/v1/ns/service/list?pageSize=2147483647&groupName=DEFAULT_GROUP&encoding=UTF-8&namespaceId=public&pageNo=1 HTTP/1.1" 200 59 5 Nacos-Java-Client:v1.0.0
127.0.0.1 - - [07/Jun/2023:22:52:01 +0800] "PUT /nacos/v1/ns/instance/beat?beat=%7B%22cluster%22%3A%22DEFAULT%22%2C%22ip%22%3A%22169.254.178.150%22%2C%22metadata%22%3A%7B%22preserved.register.source%22%3A%22SPRING_CLOUD%22%7D%2C%22port%22%3A8003%2C%22scheduled%22%3Atrue%2C%22serviceName%22%3A%22DEFAULT_GROUP%40%40service-vod%22%2C%22weight%22%3A1.0%7D&serviceName=DEFAULT_GROUP%40%40service-vod&encoding=UTF-8&namespaceId=public HTTP/1.1" 200 38 6 Nacos-Java-Client:v1.0.0
127.0.0.1 - - [07/Jun/2023:22:52:02 +0800] "GET /nacos/v1/ns/instance/list?healthyOnly=false&namespaceId=public&clientIP=169.254.31.74&serviceName=DEFAULT_GROUP%40%40service-vod&udpPort=53720&encoding=UTF-8 HTTP/1.1" 200 568 5 Nacos-Java-Client:v1.0.0
127.0.0.1 - - [07/Jun/2023:22:52:02 +0800] "GET /nacos/v1/ns/instance/list?healthyOnly=false&namespaceId=public&clientIP=169.254.31.74&serviceName=DEFAULT_GROUP%40%40service-edu&udpPort=53720&encoding=UTF-8 HTTP/1.1" 200 568 5 Nacos-Java-Client:v1.0.0
169.254.178.150 - - [07/Jun/2023:22:52:03 +0800] "GET /nacos/v1/cs/health HTTP/1.1" 200 2 6 Apache-HttpAsyncClient/4.1.3 (Java/1.8.0_131)
127.0.0.1 - - [07/Jun/2023:22:52:06 +0800] "PUT /nacos/v1/ns/instance/beat?beat=%7B%22cluster%22%3A%22DEFAULT%22%2C%22ip%22%3A%22169.254.178.150%22%2C%22metadata%22%3A%7B%22preserved.register.source%22%3A%22SPRING_CLOUD%22%7D%2C%22port%22%3A8001%2C%22scheduled%22%3Atrue%2C%22serviceName%22%3A%22DEFAULT_GROUP%40%40service-edu%22%2C%22weight%22%3A1.0%7D&serviceName=DEFAULT_GROUP%40%40service-edu&encoding=UTF-8&namespaceId=public HTTP/1.1" 200 38 3 Nacos-Java-Client:v1.0.0
